[    0.000000] Initializing cgroup subsys cpuset
[    0.000000] Initializing cgroup subsys cpu
[    0.000000] Initializing cgroup subsys cpuacct
[    0.000000] Linux version 4.4.0-141-generic (buildd@lcy01-amd64-006) (gcc version 5.4.0 20160609 (Ubuntu 5.4.0-6ubuntu1~16.04.10) ) #167-Ubuntu SMP Wed Dec 5 10:40:15 UTC 2018 (Ubuntu 4.4.0-141.167-generic 4.4.162)
[    0.000000] Command line: BOOT_IMAGE=/boot/vmlinuz-4.4.0-141-generic root=LABEL=cloudimg-rootfs ro console=tty1 console=ttyS0
[    0.000000] KERNEL supported cpus:
[    0.000000]   Intel GenuineIntel
[    0.000000]   AMD AuthenticAMD
[    0.000000]   Centaur CentaurHauls
[    0.000000] x86/fpu: xstate_offset[2]:  576, xstate_sizes[2]:  256
[    0.000000] x86/fpu: Supporting XSAVE feature 0x01: 'x87 floating point registers'
[    0.000000] x86/fpu: Supporting XSAVE feature 0x02: 'SSE registers'
[    0.000000] x86/fpu: Supporting XSAVE feature 0x04: 'AVX registers'
[    0.000000] x86/fpu: Enabled xstate features 0x7, context size is 832 bytes, using 'standard' format.
[    0.000000] e820: BIOS-provided physical RAM map:
[    0.000000] BIOS-e820: [mem 0x0000000000000000-0x000000000009fbff] usable
[    0.000000] BIOS-e820: [mem 0x000000000009fc00-0x000000000009ffff] reserved
[    0.000000] BIOS-e820: [mem 0x00000000000f0000-0x00000000000fffff] reserved
[    0.000000] BIOS-e820: [mem 0x0000000000100000-0x000000003ffeffff] usable
[    0.000000] BIOS-e820: [mem 0x000000003fff0000-0x000000003fffffff] ACPI data
[    0.000000] BIOS-e820: [mem 0x00000000fec00000-0x00000000fec00fff] reserved
[    0.000000] BIOS-e820: [mem 0x00000000fee00000-0x00000000fee00fff] reserved
[    0.000000] BIOS-e820: [mem 0x00000000fffc0000-0x00000000ffffffff] reserved
[    0.000000] NX (Execute Disable) protection: active
[    0.000000] SMBIOS 2.5 present.
[    0.000000] Hypervisor detected: KVM
[    0.000000] e820: last_pfn = 0x3fff0 max_arch_pfn = 0x400000000
[    0.000000] MTRR: Disabled
[    0.000000] x86/PAT: MTRRs disabled, skipping PAT initialization too.
[    0.000000] CPU MTRRs all blank - virtualized system.
[    0.000000] x86/PAT: Configuration [0-7]: WB  WT  UC- UC  WB  WT  UC- UC  
[    0.000000] found SMP MP-table at [mem 0x0009fff0-0x0009ffff] mapped at [ffff88000009fff0]
[    0.000000] Scanning 1 areas for low memory corruption
[    0.000000] RAMDISK: [mem 0x36304000-0x37179fff]
[    0.000000] ACPI: Early table checksum verification disabled
[    0.000000] ACPI: RSDP 0x00000000000E0000 000024 (v02 VBOX  )
[    0.000000] ACPI: XSDT 0x000000003FFF0030 00003C (v01 VBOX   VBOXXSDT 00000001 ASL  00000061)
[    0.000000] ACPI: FACP 0x000000003FFF00F0 0000F4 (v04 VBOX   VBOXFACP 00000001 ASL  00000061)
[    0.000000] ACPI: DSDT 0x000000003FFF0470 0022EA (v02 VBOX   VBOXBIOS 00000002 INTL 20100528)
[    0.000000] ACPI: FACS 0x000000003FFF0200 000040
[    0.000000] ACPI: FACS 0x000000003FFF0200 000040
[    0.000000] ACPI: APIC 0x000000003FFF0240 00005C (v02 VBOX   VBOXAPIC 00000001 ASL  00000061)
[    0.000000] ACPI: SSDT 0x000000003FFF02A0 0001CC (v01 VBOX   VBOXCPUT 00000002 INTL 20100528)
[    0.000000] No NUMA configuration found
[    0.000000] Faking a node at [mem 0x0000000000000000-0x000000003ffeffff]
[    0.000000] NODE_DATA(0) allocated [mem 0x3ffeb000-0x3ffeffff]
[    0.000000] kvm-clock: Using msrs 4b564d01 and 4b564d00
[    0.000000] kvm-clock: cpu 0, msr 0:3ffe3001, primary cpu clock
[    0.000000] kvm-clock: using sched offset of 4092026855 cycles
[    0.000000] clocksource: kvm-clock: mask: 0xffffffffffffffff max_cycles: 0x1cd42e4dffb, max_idle_ns: 881590591483 ns
[    0.000000] Zone ranges:
[    0.000000]   DMA      [mem 0x0000000000001000-0x0000000000ffffff]
[    0.000000]   DMA32    [mem 0x0000000001000000-0x000000003ffeffff]
[    0.000000]   Normal   empty
[    0.000000]   Device   empty
[    0.000000] Movable zone start for each node
[    0.000000] Early memory node ranges
[    0.000000]   node   0: [mem 0x0000000000001000-0x000000000009efff]
[    0.000000]   node   0: [mem 0x0000000000100000-0x000000003ffeffff]
[    0.000000] Initmem setup node 0 [mem 0x0000000000001000-0x000000003ffeffff]
[    0.000000] ACPI: PM-Timer IO Port: 0x4008
[    0.000000] IOAPIC[0]: apic_id 2, version 32, address 0xfec00000, GSI 0-23
[    0.000000] ACPI: INT_SRC_OVR (bus 0 bus_irq 0 global_irq 2 dfl dfl)
[    0.000000] ACPI: INT_SRC_OVR (bus 0 bus_irq 9 global_irq 9 low level)
[    0.000000] Using ACPI (MADT) for SMP configuration information
[    0.000000] smpboot: Allowing 2 CPUs, 0 hotplug CPUs
[    0.000000] PM: Registered nosave memory: [mem 0x00000000-0x00000fff]
[    0.000000] PM: Registered nosave memory: [mem 0x0009f000-0x0009ffff]
[    0.000000] PM: Registered nosave memory: [mem 0x000a0000-0x000effff]
[    0.000000] PM: Registered nosave memory: [mem 0x000f0000-0x000fffff]
[    0.000000] e820: [mem 0x40000000-0xfebfffff] available for PCI devices
[    0.000000] Booting paravirtualized kernel on KVM
[    0.000000] clocksource: refined-jiffies: mask: 0xffffffff max_cycles: 0xffffffff, max_idle_ns: 7645519600211568 ns
[    0.000000] setup_percpu: NR_CPUS:512 nr_cpumask_bits:512 nr_cpu_ids:2 nr_node_ids:1
[    0.000000] PERCPU: Embedded 34 pages/cpu @ffff88003fc00000 s99608 r8192 d31464 u1048576
[    0.000000] PV qspinlock hash table entries: 256 (order: 0, 4096 bytes)
[    0.000000] Built 1 zonelists in Node order, mobility grouping on.  Total pages: 257912
[    0.000000] Policy zone: DMA32
[    0.000000] Kernel command line: BOOT_IMAGE=/boot/vmlinuz-4.4.0-141-generic root=LABEL=cloudimg-rootfs ro console=tty1 console=ttyS0
[    0.000000] PID hash table entries: 4096 (order: 3, 32768 bytes)
[    0.000000] Memory: 997696K/1048120K available (8568K kernel code, 1314K rwdata, 4008K rodata, 1528K init, 1316K bss, 50424K reserved, 0K cma-reserved)
[    0.000000] SLUB: HWalign=64, Order=0-3, MinObjects=0, CPUs=2, Nodes=1
[    0.000000] Kernel/User page tables isolation: enabled
[    0.000000] Hierarchical RCU implementation.
[    0.000000] 	Build-time adjustment of leaf fanout to 64.
[    0.000000] 	RCU restricting CPUs from NR_CPUS=512 to nr_cpu_ids=2.
[    0.000000] RCU: Adjusting geometry for rcu_fanout_leaf=64, nr_cpu_ids=2
[    0.000000] NR_IRQS:33024 nr_irqs:440 16
[    0.000000] Console: colour VGA+ 80x25
[    0.000000] console [tty1] enabled
[    0.000000] console [ttyS0] enabled
[    0.000000] tsc: Detected 2712.004 MHz processor
[    0.222279] Calibrating delay loop (skipped) preset value.. 5424.00 BogoMIPS (lpj=10848016)
[    0.224179] pid_max: default: 32768 minimum: 301
[    0.225185] ACPI: Core revision 20150930
[    0.227131] ACPI: 2 ACPI AML tables successfully acquired and loaded
[    0.228627] Security Framework initialized
[    0.229569] Yama: becoming mindful.
[    0.230415] AppArmor: AppArmor initialized
[    0.231384] Dentry cache hash table entries: 131072 (order: 8, 1048576 bytes)
[    0.238415] Inode-cache hash table entries: 65536 (order: 7, 524288 bytes)
[    0.240307] Mount-cache hash table entries: 2048 (order: 2, 16384 bytes)
[    0.242251] Mountpoint-cache hash table entries: 2048 (order: 2, 16384 bytes)
[    0.244503] Initializing cgroup subsys io
[    0.245783] Initializing cgroup subsys memory
[    0.246997] Initializing cgroup subsys devices
[    0.248187] Initializing cgroup subsys freezer
[    0.249478] Initializing cgroup subsys net_cls
[    0.250561] Initializing cgroup subsys perf_event
[    0.251746] Initializing cgroup subsys net_prio
[    0.252771] Initializing cgroup subsys hugetlb
[    0.253906] Initializing cgroup subsys pids
[    0.256996] mce: CPU supports 0 MCE banks
[    0.257919] Last level iTLB entries: 4KB 64, 2MB 8, 4MB 8
[    0.259093] Last level dTLB entries: 4KB 64, 2MB 0, 4MB 0, 1GB 4
[    0.260312] Spectre V2 : Mitigation: Full generic retpoline
[    0.261643] Spectre V2 : Spectre v2 mitigation: Speculation control IBPB not-supported IBRS not-supported
[    0.263594] Spectre V2 : Spectre v2 / SpectreRSB mitigation: Filling RSB on context switch
[    0.265948] Speculative Store Bypass: Vulnerable
[    0.272865] Freeing SMP alternatives memory: 32K
[    0.286970] ftrace: allocating 32291 entries in 127 pages
[    0.399883] smpboot: APIC(0) Converting physical 0 to logical package 0
[    0.401924] smpboot: Max logical packages: 1
[    0.403576] x2apic enabled
[    0.404873] Switched APIC routing to physical x2apic.
[    0.409320] ..TIMER: vector=0x30 apic1=0 pin1=2 apic2=-1 pin2=-1
[    0.517925] smpboot: CPU0: Intel(R) Core(TM) i5-7200U CPU @ 2.50GHz (family: 0x6, model: 0x8e, stepping: 0x9)
[    0.520778] Performance Events: unsupported p6 CPU model 142 no PMU driver, software events only.
[    0.523457] KVM setup paravirtual spinlock
[    0.526016] x86: Booting SMP configuration:
[    0.527233] .... node  #0, CPUs:      #1
[    0.528566] kvm-clock: cpu 1, msr 0:3ffe3041, secondary cpu clock
[    0.531714] mce: CPU supports 0 MCE banks
[    0.534415] x86: Booted up 1 node, 2 CPUs
[    0.535726] smpboot: Total of 2 processors activated (10848.01 BogoMIPS)
[    0.537717] devtmpfs: initialized
[    0.540275] evm: security.selinux
[    0.541077] evm: security.SMACK64
[    0.541913] evm: security.SMACK64EXEC
[    0.542867] evm: security.SMACK64TRANSMUTE
[    0.543815] evm: security.SMACK64MMAP
[    0.545126] evm: security.ima
[    0.546419] evm: security.capability
[    0.548003] clocksource: jiffies: mask: 0xffffffff max_cycles: 0xffffffff, max_idle_ns: 7645041785100000 ns
[    0.551198] futex hash table entries: 512 (order: 3, 32768 bytes)
[    0.553097] pinctrl core: initialized pinctrl subsystem
[    0.554425] RTC time: 11:32:01, date: 01/30/19
[    0.555891] NET: Registered protocol family 16
[    0.566645] cpuidle: using governor ladder
[    0.577995] cpuidle: using governor menu
[    0.578900] PCCT header not found.
[    0.579782] ACPI: bus type PCI registered
[    0.580677] acpiphp: ACPI Hot Plug PCI Controller Driver version: 0.5
[    0.582261] PCI: Using configuration type 1 for base access
[    0.594819] ACPI: Added _OSI(Module Device)
[    0.595850] ACPI: Added _OSI(Processor Device)
[    0.596831] ACPI: Added _OSI(3.0 _SCP Extensions)
[    0.597863] ACPI: Added _OSI(Processor Aggregator Device)
[    0.599819] ACPI: Executed 1 blocks of module-level executable AML code
[    0.604832] ACPI: Interpreter enabled
[    0.605926] ACPI: (supports S0 S5)
[    0.606800] ACPI: Using IOAPIC for interrupt routing
[    0.608083] PCI: Using host bridge windows from ACPI; if necessary, use "pci=nocrs" and report a bug
[    0.614861] ACPI: PCI Root Bridge [PCI0] (domain 0000 [bus 00-ff])
[    0.616250] acpi PNP0A03:00: _OSC: OS supports [ASPM ClockPM Segments MSI]
[    0.618063] acpi PNP0A03:00: _OSC: not requesting OS control; OS requires [ExtendedConfig ASPM ClockPM MSI]
[    0.620076] acpi PNP0A03:00: fail to add MMCONFIG information, can't access extended PCI configuration space under this bridge.
[    0.622958] PCI host bridge to bus 0000:00
[    0.623999] pci_bus 0000:00: root bus resource [io  0x0000-0x0cf7 window]
[    0.625389] pci_bus 0000:00: root bus resource [io  0x0d00-0xffff window]
[    0.626678] pci_bus 0000:00: root bus resource [mem 0x000a0000-0x000bffff window]
[    0.628541] pci_bus 0000:00: root bus resource [mem 0x40000000-0xfdffffff window]
[    0.630891] pci_bus 0000:00: root bus resource [bus 00-ff]
[    0.635738] pci 0000:00:01.1: legacy IDE quirk: reg 0x10: [io  0x01f0-0x01f7]
[    0.637490] pci 0000:00:01.1: legacy IDE quirk: reg 0x14: [io  0x03f6]
[    0.638926] pci 0000:00:01.1: legacy IDE quirk: reg 0x18: [io  0x0170-0x0177]
[    0.640411] pci 0000:00:01.1: legacy IDE quirk: reg 0x1c: [io  0x0376]
[    0.691075] pci 0000:00:07.0: quirk: [io  0x4000-0x403f] claimed by PIIX4 ACPI
[    0.693166] pci 0000:00:07.0: quirk: [io  0x4100-0x410f] claimed by PIIX4 SMB
[    0.715837] ACPI: PCI Interrupt Link [LNKA] (IRQs 5 9 10 *11)
[    0.720280] ACPI: PCI Interrupt Link [LNKB] (IRQs 5 9 *10 11)
[    0.724363] ACPI: PCI Interrupt Link [LNKC] (IRQs 5 *9 10 11)
[    0.728419] ACPI: PCI Interrupt Link [LNKD] (IRQs 5 9 10 *11)
[    0.732628] ACPI: Enabled 2 GPEs in block 00 to 07
[    0.736111] vgaarb: setting as boot device: PCI:0000:00:02.0
[    0.738742] vgaarb: device added: PCI:0000:00:02.0,decodes=io+mem,owns=io+mem,locks=none
[    0.742834] vgaarb: loaded
[    0.744485] vgaarb: bridge control possible 0000:00:02.0
[    0.747551] SCSI subsystem initialized
[    0.749835] ACPI: bus type USB registered
[    0.751948] usbcore: registered new interface driver usbfs
[    0.754518] usbcore: registered new interface driver hub
[    0.758352] usbcore: registered new device driver usb
[    0.768999] PCI: Using ACPI for IRQ routing
[    0.772082] NetLabel: Initializing
[    0.773945] NetLabel:  domain hash size = 128
[    0.776333] NetLabel:  protocols = UNLABELED CIPSOv4
[    0.778796] NetLabel:  unlabeled traffic allowed by default
[    0.782026] amd_nb: Cannot enumerate AMD northbridges
[    0.784715] clocksource: Switched to clocksource kvm-clock
[    0.812658] AppArmor: AppArmor Filesystem Enabled
[    0.815188] pnp: PnP ACPI init
[    0.818606] pnp: PnP ACPI: found 3 devices
[    0.838627] clocksource: acpi_pm: mask: 0xffffff max_cycles: 0xffffff, max_idle_ns: 2085701024 ns
[    0.841355] NET: Registered protocol family 2
[    0.843051] TCP established hash table entries: 8192 (order: 4, 65536 bytes)
[    0.845087] TCP bind hash table entries: 8192 (order: 5, 131072 bytes)
[    0.847208] TCP: Hash tables configured (established 8192 bind 8192)
[    0.849118] UDP hash table entries: 512 (order: 2, 16384 bytes)
[    0.851125] UDP-Lite hash table entries: 512 (order: 2, 16384 bytes)
[    0.853081] NET: Registered protocol family 1
[    0.854479] pci 0000:00:00.0: Limiting direct PCI/PCI transfers
[    0.856131] pci 0000:00:01.0: Activating ISA DMA hang workarounds
[    0.858476] Unpacking initramfs...
[    1.316496] Freeing initrd memory: 14808K
[    1.317859] platform rtc_cmos: registered platform RTC device (no PNP device found)
[    1.320783] Scanning for low memory corruption every 60 seconds
[    1.323005] audit: initializing netlink subsys (disabled)
[    1.324094] audit: type=2000 audit(1548847927.656:1): initialized
[    1.325589] Initialise system trusted keyring
[    1.326798] HugeTLB registered 2 MB page size, pre-allocated 0 pages
[    1.329401] zbud: loaded
[    1.330419] VFS: Disk quotas dquot_6.6.0
[    1.331341] VFS: Dquot-cache hash table entries: 512 (order 0, 4096 bytes)
[    1.332896] squashfs: version 4.0 (2009/01/31) Phillip Lougher
[    1.334403] fuse init (API version 7.23)
[    1.335376] Key type big_key registered
[    1.336288] Allocating IMA MOK and blacklist keyrings.
[    1.338445] Key type asymmetric registered
[    1.339925] Asymmetric key parser 'x509' registered
[    1.341436] Block layer SCSI generic (bsg) driver version 0.4 loaded (major 249)
[    1.343290] io scheduler noop registered
[    1.344231] io scheduler deadline registered (default)
[    1.345477] io scheduler cfq registered
[    1.346685] pci_hotplug: PCI Hot Plug PCI Core version: 0.5
[    1.347839] pciehp: PCI Express Hot Plug Controller Driver version: 0.4
[    1.349365] ACPI: AC Adapter [AC] (off-line)
[    1.350600] input: Power Button as /devices/LNXSYSTM:00/LNXPWRBN:00/input/input0
[    1.352405] ACPI: Power Button [PWRF]
[    1.353493] input: Sleep Button as /devices/LNXSYSTM:00/LNXSLPBN:00/input/input1
[    1.355381] ACPI: Sleep Button [SLPF]
[    1.357480] ACPI: Battery Slot [BAT0] (battery present)
[    1.358808] GHES: HEST is not enabled!
[    1.359850] Serial: 8250/16550 driver, 32 ports, IRQ sharing enabled
 	
 !"#$%&'()*+,-./0123456789:;<=>?@ABCDEFGHIJKLMNOPQRSTUVWXYZ[\]^_`abcdefghijklmnopqrstuvwxyz{|}~ÄÅÇÉÑÖÜáàâäãåçéèêëíìîïñóòôöõúùûü†°¢£§•¶ß®©™´¨≠ÆØ∞±≤≥¥µ∂∑∏π∫ªºΩæø¿¡¬√ƒ≈∆«»… ÀÃÕŒœ–—“”‘’÷◊ÿŸ⁄€‹›ﬁﬂ‡·‚„‰ÂÊÁËÈÍÎÏÌÓÔÒÚÛÙıˆ˜¯˘˙˚¸˝˛ˇ[    1.383837] 00:02: ttyS0 at I/O 0x3f8 (irq = 4, base_baud = 115200) is a 16550A
[    1.387638] Linux agpgart interface v0.103
[    1.393533] loop: module loaded
[    1.396050] scsi host0: ata_piix
[    1.397439] scsi host1: ata_piix
[    1.398482] ata1: PATA max UDMA/33 cmd 0x1f0 ctl 0x3f6 bmdma 0xd000 irq 14
[    1.400341] ata2: PATA max UDMA/33 cmd 0x170 ctl 0x376 bmdma 0xd008 irq 15
[    1.402259] libphy: Fixed MDIO Bus: probed
[    1.403427] tun: Universal TUN/TAP device driver, 1.6
[    1.404585] tun: (C) 1999-2004 Max Krasnyansky <maxk@qualcomm.com>
[    1.406028] PPP generic driver version 2.4.2
[    1.407154] ehci_hcd: USB 2.0 'Enhanced' Host Controller (EHCI) Driver
[    1.408446] ehci-pci: EHCI PCI platform driver
[    1.409473] ehci-platform: EHCI generic platform driver
[    1.410560] ohci_hcd: USB 1.1 'Open' Host Controller (OHCI) Driver
[    1.411872] ohci-pci: OHCI PCI platform driver
[    1.413084] ohci-platform: OHCI generic platform driver
[    1.414246] uhci_hcd: USB Universal Host Controller Interface driver
[    1.415594] i8042: PNP: PS/2 Controller [PNP0303:PS2K,PNP0f03:PS2M] at 0x60,0x64 irq 1,12
[    1.418002] serio: i8042 KBD port at 0x60,0x64 irq 1
[    1.419189] serio: i8042 AUX port at 0x60,0x64 irq 12
[    1.420676] mousedev: PS/2 mouse device common for all mice
[    1.423210] rtc_cmos rtc_cmos: rtc core: registered rtc_cmos as rtc0
[    1.425468] input: AT Translated Set 2 keyboard as /devices/platform/i8042/serio0/input/input2
[    1.427312] rtc_cmos rtc_cmos: alarms up to one day, 114 bytes nvram
[    1.428717] i2c /dev entries driver
[    1.429663] device-mapper: uevent: version 1.0.3
[    1.430734] device-mapper: ioctl: 4.34.0-ioctl (2015-10-28) initialised: dm-devel@redhat.com
[    1.432744] ledtrig-cpu: registered to indicate activity on CPUs
[    1.434831] NET: Registered protocol family 10
[    1.436102] NET: Registered protocol family 17
[    1.437094] Key type dns_resolver registered
[    1.438342] registered taskstats version 1
[    1.439330] Loading compiled-in X.509 certificates
[    1.440925] Loaded X.509 cert 'Build time autogenerated kernel key: 7c9fb337b82e5a343493fe891c556beae1895c7c'
[    1.443062] zswap: loaded using pool lzo/zbud
[    1.446593] Key type trusted registered
[    1.455673] Key type encrypted registered
[    1.457016] AppArmor: AppArmor sha1 policy hashing enabled
[    1.458334] ima: No TPM chip found, activating TPM-bypass!
[    1.459618] ima: Allocated hash algorithm: sha1
[    1.461121] evm: HMAC attrs: 0x1
[    1.462564]   Magic number: 3:866:530
[    1.463491] tty ttyS10: hash matches
[    1.464499] rtc_cmos rtc_cmos: setting system clock to 2019-01-30 11:32:02 UTC (1548847922)
[    1.466767] BIOS EDD facility v0.16 2004-Jun-25, 0 devices found
[    1.468000] EDD information not available.
[    1.560864] Freeing unused kernel memory: 1528K
[    1.563825] Write protecting the kernel read-only data: 14336k
[    1.569044] Freeing unused kernel memory: 1660K
[    1.572315] Freeing unused kernel memory: 88K
Loading, please wait...
starting version 229
[    1.613924] random: systemd-udevd: uninitialized urandom read (16 bytes read, 3 bits of entropy available)
[    1.615790] random: udevadm: uninitialized urandom read (16 bytes read, 3 bits of entropy available)
[    1.615840] random: udevadm: uninitialized urandom read (16 bytes read, 3 bits of entropy available)
[    1.634185] random: systemd-udevd: uninitialized urandom read (16 bytes read, 3 bits of entropy available)
[    1.641060] random: systemd-udevd: uninitialized urandom read (16 bytes read, 3 bits of entropy available)
[    1.642461] random: udevadm: uninitialized urandom read (16 bytes read, 3 bits of entropy available)
[    1.642615] random: udevadm: uninitialized urandom read (16 bytes read, 3 bits of entropy available)
[    1.643246] random: udevadm: uninitialized urandom read (16 bytes read, 3 bits of entropy available)
[    1.643443] random: udevadm: uninitialized urandom read (16 bytes read, 3 bits of entropy available)
[    1.643621] random: udevadm: uninitialized urandom read (16 bytes read, 3 bits of entropy available)
[    1.729848] e1000: Intel(R) PRO/1000 Network Driver - version 7.3.21-k8-NAPI
[    1.731622] e1000: Copyright (c) 1999-2006 Intel Corporation.
[    1.736948] Fusion MPT base driver 3.04.20
[    1.738124] Copyright (c) 1999-2008 LSI Corporation
[    1.747786] Fusion MPT SPI Host driver 3.04.20
[    1.759391] AVX2 version of gcm_enc/dec engaged.
[    1.760685] AES CTR mode by8 optimization enabled
[    1.965792] input: ImExPS/2 Generic Explorer Mouse as /devices/platform/i8042/serio1/input/input4
[    2.177295] e1000 0000:00:03.0 eth0: (PCI:33MHz:32-bit) 02:9c:d2:53:c1:d1
[    2.180662] e1000 0000:00:03.0 eth0: Intel(R) PRO/1000 Network Connection
[    2.186242] mptbase: ioc0: Initiating bringup
[    2.267899] ioc0: LSI53C1030 A0: Capabilities={Initiator}
[    2.343528] tsc: Refined TSC clocksource calibration: 2711.790 MHz
[    2.347882] clocksource: tsc: mask: 0xffffffffffffffff max_cycles: 0x2716c016b67, max_idle_ns: 440795271362 ns
[    2.845376] scsi host2: ioc0: LSI53C1030 A0, FwRev=00000000h, Ports=1, MaxQ=256, IRQ=20
[    3.201347] scsi 2:0:0:0: Direct-Access     VBOX     HARDDISK         1.0  PQ: 0 ANSI: 5
[    3.206772] scsi target2:0:0: Beginning Domain Validation
[    3.215440] scsi target2:0:0: Domain Validation skipping write tests
[    3.219318] scsi target2:0:0: Ending Domain Validation
[    3.223037] scsi target2:0:0: asynchronous
[    3.227837] scsi 2:0:1:0: Direct-Access     VBOX     HARDDISK         1.0  PQ: 0 ANSI: 5
[    3.233837] scsi target2:0:1: Beginning Domain Validation
[    3.240655] scsi target2:0:1: Domain Validation skipping write tests
[    3.245744] scsi target2:0:1: Ending Domain Validation
[    3.274203] scsi target2:0:1: asynchronous
[    3.318476] sd 2:0:0:0: Attached scsi generic sg0 type 0
[    3.320257] sd 2:0:0:0: [sda] 20971520 512-byte logical blocks: (10.7 GB/10.0 GiB)
[    3.323940] sd 2:0:1:0: [sdb] 20480 512-byte logical blocks: (10.5 MB/10.0 MiB)
[    3.326773] sd 2:0:1:0: Attached scsi generic sg1 type 0
[    3.328834] sd 2:0:1:0: [sdb] Write Protect is off
[    3.329940] sd 2:0:0:0: [sda] Write Protect is off
[    3.332157] sd 2:0:1:0: [sdb] Incomplete mode parameter data
[    3.334024] sd 2:0:1:0: [sdb] Assuming drive cache: write through
[    3.336094] sd 2:0:0:0: [sda] Incomplete mode parameter data
[    3.338156] sd 2:0:0:0: [sda] Assuming drive cache: write through
[    3.342741]  sda: sda1
[    3.345219] sd 2:0:1:0: [sdb] Attached SCSI disk
[    3.347350] sd 2:0:0:0: [sda] Attached SCSI disk
[    3.646833] e1000 0000:00:08.0 eth1: (PCI:33MHz:32-bit) 08:00:27:db:ae:ee
[    3.650830] e1000 0000:00:08.0 eth1: Intel(R) PRO/1000 Network Connection
[    3.657518] e1000 0000:00:03.0 enp0s3: renamed from eth0
[    3.674235] e1000 0000:00:08.0 enp0s8: renamed from eth1
Begin: Loading essential drivers ... [    5.368072] md: linear personality registered for level -1
[    5.374312] md: multipath personality registered for level -4
[    5.379599] md: raid0 personality registered for level 0
[    5.385467] md: raid1 personality registered for level 1
[    5.461069] raid6: sse2x1   gen()  5789 MB/s
[    5.528790] raid6: sse2x1   xor()  4288 MB/s
[    5.597018] raid6: sse2x2   gen()  7471 MB/s
[    5.664925] raid6: sse2x2   xor()  4943 MB/s
[    5.732908] raid6: sse2x4   gen()  8636 MB/s
[    5.800875] raid6: sse2x4   xor()  5587 MB/s
[    5.868910] raid6: avx2x1   gen() 12292 MB/s
[    5.936934] raid6: avx2x2   gen() 14643 MB/s
[    6.004898] raid6: avx2x4   gen() 14704 MB/s
[    6.006143] raid6: using algorithm avx2x4 gen() 14704 MB/s
[    6.007658] raid6: using avx2x2 recovery algorithm
[    6.011290] xor: automatically using best checksumming function:
[    6.049170]    avx       : 13726.000 MB/sec
[    6.052454] async_tx: api initialized (async)
[    6.067109] md: raid6 personality registered for level 6
[    6.068909] md: raid5 personality registered for level 5
[    6.070495] md: raid4 personality registered for level 4
[    6.082182] md: raid10 personality registered for level 10
done.
Begin: Running /scripts/init-premount ... done.
Begin: Mounting root file system ... Begin: Running /scripts/local-top ... done.
Begin: Running /scripts/local-premount ... [    6.135547] Btrfs loaded
Scanning for Btrfs filesystems
done.
Warning: fsck not present, so skipping root file system
[    6.184065] EXT4-fs (sda1): mounted filesystem with ordered data mode. Opts: (null)
done.
Begin: Running /scripts/local-bottom ... done.
Begin: Running /scripts/init-bottom ... done.
[    6.323922] systemd[1]: systemd 229 running in system mode. (+PAM +AUDIT +SELINUX +IMA +APPARMOR +SMACK +SYSVINIT +UTMP +LIBCRYPTSETUP +GCRYPT +GNUTLS +ACL +XZ -LZ4 +SECCOMP +BLKID +ELFUTILS +KMOD -IDN)
[    6.328621] systemd[1]: Detected virtualization oracle.
[    6.329714] systemd[1]: Detected architecture x86-64.

Welcome to [1mUbuntu 16.04.5 LTS[0m!

[    6.355090] systemd[1]: Set hostname to <ubuntu>.
[    6.360664] systemd[1]: Initializing machine ID from random generator.
[    6.362202] systemd[1]: Installed transient /etc/machine-id file.
[    7.209885] systemd[1]: Started Trigger resolvconf update for networkd DNS.
[[0;32m  OK  [0m] Started Trigger resolvconf update for networkd DNS.
[    7.214171] systemd[1]: Reached target Swap.
[[0;32m  OK  [0m] Reached target Swap.
[    7.217746] systemd[1]: Created slice User and Session Slice.
[[0;32m  OK  [0m] Created slice User and Session Slice.
[    7.221402] systemd[1]: Listening on Journal Socket.
[[0;32m  OK  [0m] Listening on Journal Socket.
[    7.224823] systemd[1]: Listening on udev Control Socket.
[[0;32m  OK  [0m] Listening on udev Control Socket.
[    7.228281] systemd[1]: Listening on Device-mapper event daemon FIFOs.
[[0;32m  OK  [0m] Listening on Device-mapper event daemon FIFOs.
[    7.232475] systemd[1]: Reached target Encrypted Volumes.
[[0;32m  OK  [0m] Reached target Encrypted Volumes.
[    7.236300] systemd[1]: Listening on Journal Socket (/dev/log).
[[0;32m  OK  [0m] Listening on Journal Socket (/dev/log).
[    7.239967] systemd[1]: Listening on LVM2 poll daemon socket.
[[0;32m  OK  [0m] Listening on LVM2 poll daemon socket.
[    7.244285] systemd[1]: Created slice System Slice.
[[0;32m  OK  [0m] Created slice System Slice.
[    7.247820] systemd[1]: Reached target Slices.
[[0;32m  OK  [0m] Reached target Slices.
[    7.262441] systemd[1]: Starting Remount Root and Kernel File Systems...
         Starting Remount Root and Kernel File Systems...
[    7.269828] systemd[1]: Starting Uncomplicated firewall...
         Starting Uncomplicated firewall...
[    7.280471] EXT4-fs (sda1): re-mounted. Opts: (null)
[    7.288654] systemd[1]: Starting Load Kernel Modules...
         Starting Load Kernel Modules...
[    7.302850] systemd[1]: Starting Create list of required static device nodes for the current kernel...
         Starting Create list of required st... nodes for the current kernel...
[    7.317629] systemd[1]: Listening on Syslog Socket.
[[0;32m  OK  [0m] Listening on Syslog Socket.
[    7.332660] Loading iSCSI transport class v2.0-870.
[    7.338152] systemd[1]: Set up automount Arbitrary Executable File Formats File System Automount Point.
[[0;32m  OK  [0m] Set up automount Arbitrary Executab...ats File System Automount Point.
[    7.369296] iscsi: registered transport (tcp)
[    7.373158] systemd[1]: Mounting Huge Pages File System...
         Mounting Huge Pages File System...
[    7.379706] systemd[1]: Reached target System Time Synchronized.
[[0;32m  OK  [0m] Reached target System Time Synchronized.
[    7.386709] systemd[1]: Mounting Debug File System...
         Mounting Debug File System...
[    7.391990] systemd[1]: Started Forward Password Requests to Wall Directory Watch.
[[0;32m  OK  [0m] Started Forward Password Requests to Wall Directory Watch.
[    7.397667] systemd[1]: Starting Nameserver information manager...
         Starting Nameserver information manager...
[    7.408146] systemd[1]: Mounting POSIX Message Queue File System...
         Mounting POSIX Message Queue File System...
[    7.413983] systemd[1]: Created slice system-serial\x2dgetty.slice.
[[0;32m  OK  [0m] Created slice system-serial\x2dgetty.slice.
[    7.418502] systemd[1]: Reached target User and Group Name Lookups.
[[0;32m  OK  [0m] Reached target User and Group Name Lookups.
[    7.422038] systemd[1]: Listening on /dev/initctl Compatibility Named Pipe.
[[0;32m  OK  [0m] Listening on /dev/initctl Compatibility Named Pipe.
[    7.426364] systemd[1]: Listening on LVM2 metadata daemon socket.
[[0;32m  OK  [0m] Listening on LVM2 metadata daemon socket.
[    7.431155] systemd[1]: Starting Monitoring of LVM2 mirrors, snapshots etc. using dmeventd or progress polling...
         Starting Monitoring of LVM2 mirrors... dmeventd or progress polling...
[    7.438551] systemd[1]: Listening on Journal Audit Socket.
[[0;32m  OK  [0m] Listening on Journal Audit Socket.
[    7.444378] systemd[1]: Starting Journal Service...
[    7.445231] iscsi: registered transport (iser)
         Starting Journal Service...
[    7.455036] systemd[1]: Listening on udev Kernel Socket.
[[0;32m  OK  [0m] Listening on udev Kernel Socket.
[    7.459578] systemd[1]: Starting Set console keymap...
         Starting Set console keymap...
[    7.469930] systemd[1]: Mounted Debug File System.
[[0;32m  OK  [0m] Mounted Debug File System.
[    7.472369] systemd[1]: Mounted Huge Pages File System.
[[0;32m  OK  [0m] Mounted Huge Pages File System.
[    7.474866] systemd[1]: Mounted POSIX Message Queue File System.
[[0;32m  OK  [0m] Mounted POSIX Message Queue File System.
[    7.477793] systemd[1]: Started Remount Root and Kernel File Systems.
[[0;32m  OK  [0m] Started Remount Root and Kernel File Systems.
[    7.480881] systemd[1]: Started Uncomplicated firewall.
[[0;32m  OK  [0m] Started Uncomplicated firewall.
[    7.483634] systemd[1]: Started Load Kernel Modules.
[[0;32m  OK  [0m] Started Load Kernel Modules.
[    7.486136] systemd[1]: Started Create list of required static device nodes for the current kernel.
[[0;32m  OK  [0m] Started Create list of required sta...ce nodes for the current kernel.
[    7.496406] systemd[1]: Started Nameserver information manager.
[[0;32m  OK  [0m] Started Nameserver information manager.
[    7.507364] systemd[1]: Started Journal Service.
[[0;32m  OK  [0m] Started Journal Service.
[    7.516098] random: nonblocking pool is initialized
[[0;32m  OK  [0m] Started LVM2 metadata daemon.
         Starting Create Static Device Nodes in /dev...
         Mounting FUSE Control File System...
         Starting Apply Kernel Variables...
         Starting Flush Journal to Persistent Storage...
         Starting udev Coldplug all Devices...
         Starting Load/Save Random Seed...
[[0;32m  OK  [0m] Mounted FUSE Control File System.
[[0;32m  OK  [0m] Started Set console keymap.
[[0;32m  OK  [0m] Started Load/Save Random Seed.
[[0;32m  OK  [0m] Started Create Static Device Nodes in /dev.
[[0;32m  OK  [0m] Started Apply Kernel Variables.
[[0;32m  OK  [0m] Started udev Coldplug all Devices.
[[0;32m  OK  [0m] Started Flush Journal to Persistent Storage.
         Starting udev Kernel Device Manager...
[[0;32m  OK  [0m] Started udev Kernel Device Manager.
[[0;32m  OK  [0m] Started Dispatch Password Requests to Console Directory Watch.
[[0;32m  OK  [0m] Found device /dev/ttyS0.
[[0;32m  OK  [0m] Started Monitoring of LVM2 mirrors,...ng dmeventd or progress polling.
[[0;32m  OK  [0m] Reached target Local File Systems (Pre).
[[0;32m  OK  [0m] Reached target Local File Systems.
         Starting Commit a transient machine-id on disk...
         Starting Initial cloud-init job (pre-networking)...
         Starting Tell Plymouth To Write Out Runtime Data...
         Starting Set console font and keymap...
         Starting Create Volatile Files and Directories...
         Starting LSB: AppArmor initialization...
[[0;32m  OK  [0m] Started Tell Plymouth To Write Out Runtime Data.
[[0;32m  OK  [0m] Started Create Volatile Files and Directories.
[[0;32m  OK  [0m] Started Commit a transient machine-id on disk.
         Starting Update UTMP about System Boot/Shutdown...
[[0;32m  OK  [0m] Started Update UTMP about System Boot/Shutdown.
[[0;32m  OK  [0m] Listening on Load/Save RF Kill Switch Status /dev/rfkill Watch.
[    9.593539] cloud-init[509]: Cloud-init v. 18.4-0ubuntu1~16.04.2 running 'init-local' at Wed, 30 Jan 2019 11:32:10 +0000. Up 8.90 seconds.
[[0;32m  OK  [0m] Started Initial cloud-init job (pre-networking).
[[0;32m  OK  [0m] Reached target Network (Pre).
[[0;32m  OK  [0m] Started Set console font and keymap.
[[0;32m  OK  [0m] Created slice system-getty.slice.
[[0;32m  OK  [0m] Started LSB: AppArmor initialization.
         Starting Raise network interfaces...
[[0;32m  OK  [0m] Started Raise network interfaces.
[[0;32m  OK  [0m] Reached target Network.
         Starting Initial cloud-init job (metadata service crawler)...
[   12.248733] cloud-init[945]: Cloud-init v. 18.4-0ubuntu1~16.04.2 running 'init' at Wed, 30 Jan 2019 11:32:12 +0000. Up 11.46 seconds.
[   12.251020] cloud-init[945]: ci-info: ++++++++++++++++++++++++++++++++++++++Net device info+++++++++++++++++++++++++++++++++++++++
[   12.252918] cloud-init[945]: ci-info: +--------+-------+----------------------------+---------------+--------+-------------------+
[   12.260550] cloud-init[945]: ci-info: | Device |   Up  |          Address           |      Mask     | Scope  |     Hw-Address    |
[   12.262454] cloud-init[945]: ci-info: +--------+-------+----------------------------+---------------+--------+-------------------+
[   12.265226] cloud-init[945]: ci-info: | enp0s3 |  True |         10.0.2.15          | 255.255.255.0 | global | 02:9c:d2:53:c1:d1 |
[   12.267534] cloud-init[945]: ci-info: | enp0s3 |  True | fe80::9c:d2ff:fe53:c1d1/64 |       .       |  link  | 02:9c:d2:53:c1:d1 |
[   12.270073] cloud-init[945]: ci-info: | enp0s8 | False |             .              |       .       |   .    | 08:00:27:db:ae:ee |
[   12.271853] cloud-init[945]: ci-info: |   lo   |  True |         127.0.0.1          |   255.0.0.0   |  host  |         .         |
[   12.273581] cloud-init[945]: ci-info: |   lo   |  True |          ::1/128           |       .       |  host  |         .         |
[   12.275403] cloud-init[945]: ci-info: +--------+-------+----------------------------+---------------+--------+-------------------+
[   12.277434] cloud-init[945]: ci-info: +++++++++++++++++++++++++++Route IPv4 info++++++++++++++++++++++++++++
[   12.279183] cloud-init[945]: ci-info: +-------+-------------+----------+---------------+-----------+-------+
[   12.280925] cloud-init[945]: ci-info: | Route | Destination | Gateway  |    Genmask    | Interface | Flags |
[   12.282931] cloud-init[945]: ci-info: +-------+-------------+----------+---------------+-----------+-------+
[   12.284911] cloud-init[945]: ci-info: |   0   |   0.0.0.0   | 10.0.2.2 |    0.0.0.0    |   enp0s3  |   UG  |
[   12.286720] cloud-init[945]: ci-info: |   1   |   10.0.2.0  | 0.0.0.0  | 255.255.255.0 |   enp0s3  |   U   |
[   12.292885] cloud-init[945]: ci-info: +-------+-------------+----------+---------------+-----------+-------+
[   12.294800] cloud-init[945]: ci-info: +++++++++++++++++++Route IPv6 info+++++++++++++++++++
[   12.296537] cloud-init[945]: ci-info: +-------+-------------+---------+-----------+-------+
[   12.297849] cloud-init[945]: ci-info: | Route | Destination | Gateway | Interface | Flags |
[   12.299610] cloud-init[945]: ci-info: +-------+-------------+---------+-----------+-------+
[   12.301236] cloud-init[945]: ci-info: |   0   |  fe80::/64  |    ::   |   enp0s3  |   U   |
[   12.303132] cloud-init[945]: ci-info: |   3   |   ff00::/8  |    ::   |   enp0s3  |   U   |
[   12.305357] cloud-init[945]: ci-info: +-------+-------------+---------+-----------+-------+
[   12.307171] cloud-init[945]: Generating public/private rsa key pair.
[   12.316733] cloud-init[945]: Your identification has been saved in /etc/ssh/ssh_host_rsa_key.
[   12.318428] cloud-init[945]: Your public key has been saved in /etc/ssh/ssh_host_rsa_key.pub.
[   12.320376] cloud-init[945]: The key fingerprint is:
[   12.321688] cloud-init[945]: SHA256:4OlrXte8qIj6Mc6SBv8sSMfR7LoDNNb302hdkv0oIJE root@ubuntu-xenial
[   12.323391] cloud-init[945]: The key's randomart image is:
[   12.324791] cloud-init[945]: +---[RSA 2048]----+
[   12.326083] cloud-init[945]: |      .          |
[   12.329051] cloud-init[945]: |     E           |
[   12.337166] cloud-init[945]: |  . o o   o      |
[   12.338330] cloud-init[945]: | + o * + o o     |
[   12.339455] cloud-init[945]: |o o + = S o o    |
[   12.340693] cloud-init[945]: |.o o o = + + .   |
[   12.341995] cloud-init[945]: |.+o.+ o o o o    |
[   12.343332] cloud-init[945]: |. ** +.+ . . .   |
[   12.344680] cloud-init[945]: | ..BXo+ ... .    |
[   12.345788] cloud-init[945]: +----[SHA256]-----+
[   12.346855] cloud-init[945]: Generating public/private dsa key pair.
[   12.348116] cloud-init[945]: Your identification has been saved in /etc/ssh/ssh_host_dsa_key.
[   12.349872] cloud-init[945]: Your public key has been saved in /etc/ssh/ssh_host_dsa_key.pub.
[   12.351609] cloud-init[945]: The key fingerprint is:
[   12.353036] cloud-init[945]: SHA256:/0Z4OcKL9bX7hoIB1vClSjFOSw8O8v7wDZtRWAiBo/M root@ubuntu-xenial
[   12.354911] cloud-init[945]: The key's randomart image is:
[   12.360676] cloud-init[945]: +---[DSA 1024]----+
[   12.370339] [[0;32m  OK  [0m] Started Initial cloud-init job (metadata service crawler).
cloud-init[945]: |     .oo .       |[[0;32m  OK  [0m] Reached target Network is Online.

[   12.385116] cloud-init[945]: |    + . O . .    |
[   12.386469] cloud-init[945]: |   . + * % o     |
[   12.387351] cloud-init[945]: |  o   . O *      |
[   12.388603] cloud-init[945]: |   o . oS= . .   |
[   12.396577] cloud-init[945]: |    E o +.* = .  |
[   12.408319] cloud-init[945]: |       + O.O o o |
[   12.408548] cloud-init[945]: |        * +.+ o .|
[   12.408992] cloud-init[945]: |           ....+.|
[   12.409566] cloud-init[945]: +----[SHA256]-----+
[   12.410202] cloud-init[945]: Generating public/private ecdsa key pair.
[   12.410769] cloud-init[945]: Your identification has been saved in /etc/ssh/ssh_host_ecdsa_key.
         Starting iSCSI initiator daemon (iscsid)...
[[0;32m  OK  [0m] Reached target Cloud-config availability.[   12.411112] cloud-init[945]: Your public key has been saved in /etc/ssh/ssh_host_ecdsa_key.pub.
[   12.415446] cloud-init[945]: The key fingerprint is:
[   12.415884] cloud-init[945]: SHA256:f/yjG5ALcjuDEWjPRf2Ds9oLHYfaMuawC6ZK02pkU2U root@ubuntu-xenial
[   12.416858] cloud-init[945]: The key's randomart image is:
[   12.417271] cloud-init[945]: +---[ECDSA 256]---+
[   12.417579] cloud-init[945]: |        ..       |
[   12.418044] cloud-init[945]: |     E .  .      |
[   12.418353] cloud-init[945]: |    = . .  o     |
[   12.418831] cloud-init[945]: |   o o o  ooo    |

[   12.419043] cloud-init[945]: |  .   = S =o..   |
[   12.421986] cloud-init[945]: | +.    = B.*     |
[[0;32m  OK  [0m] Reached target System Initialization.
[   12.424053] cloud-init[945]: |oo..o o Xo= +    |
[   12.425499] cloud-init[945]: |..oo . =.*.. o.  |
[   12.426909] cloud-init[945]: |oo.   o.. ..oo.. |
[   12.428136] [[0;32m  OK  [0m] Listening on D-Bus System Message Bus Socket.
[[0;32m  OK  [0m] Listening on UUID daemon activation socket.
[[0;32m  OK  [0m] Started Daily Cleanup of Temporary Directories.
cloud-init[945]: +----[SHA256]-----+[[0;32m  OK  [0m] Started ACPI Events Check.
[[0;32m  OK  [0m] Reached target Paths.
[[0;32m  OK  [0m] Listening on ACPID Listen Socket.
         Starting Socket activation for snappy daemon.

         Starting LXD - unix socket.
[[0;32m  OK  [0m] Started Daily apt download activities.
[[0;32m  OK  [0m] Started Daily apt upgrade and clean activities.
[[0;32m  OK  [0m] Reached target Timers.
[   12.437148] cloud-init[945]: Generating public/private ed25519 key pair.
[   12.438828] cloud-init[945]: Your identification has been saved in /etc/ssh/ssh_host_ed25519_key.
[   12.440832] cloud-init[945]: Your public key has been saved in /etc/ssh/ssh_host_ed25519_key.pub.
[   12.442807] cloud-init[945]: The key fingerprint is:
[   12.444287] cloud-init[945]: SHA256:rDby3IDRsNF4AyH0VjHUeTfEX065zVM5frZIvMzILDo root@ubuntu-xenial
[   12.446180] cloud-init[945]: The key's randomart image is:
[   12.447609] cloud-init[945]: +--[ED25519 256]--+
[   12.448941] cloud-init[945]: | .o oo=o . o.   o|
[   12.450168] cloud-init[945]: |   o = .o . +  ++|
[   12.451515] cloud-init[945]: [[0;32m  OK  [0m] Listening on Socket activation for snappy daemon.
[[0;32m  OK  [0m] Listening on LXD - unix socket.
|    * +  . ..o.==|
[   12.455078] cloud-init[945]: |   . * o     o.+*|
[   12.456454] cloud-init[945]: |    o . S o = o.+|
[   12.464339] cloud-init[945]: |     o . . + = . |
[   12.473112] cloud-init[945]: |    o = . .      |
[   12.474187] cloud-init[945]: |     = E         |
[   12.475184] cloud-init[945]: |      o o        |
[   12.476133] cloud-init[945]: +----[SHA256]-----+
[[0;32m  OK  [0m] Started iSCSI initiator daemon (iscsid).
         Starting Login to default iSCSI targets...
[[0;32m  OK  [0m] Reached target Sockets.
[[0;32m  OK  [0m] Reached target Basic System.
         Starting LSB: Record successful boot for GRUB...
         Starting Accounts Service...
         Starting LSB: MD monitoring daemon...
         Starting LXD - container startup/shutdown...
         Starting System Logging Service...
         Starting Login Service...
[[0;32m  OK  [0m] Started FUSE filesystem for LXC.
         Starting Pollinate to seed the pseudo random number generator...
[[0;32m  OK  [0m] Started D-Bus System Message Bus.
         Starting /etc/rc.local Compatibility...
[[0;32m  OK  [0m] Started Regular background program processing daemon.
[[0;32m  OK  [0m] Started Unattended Upgrades Shutdown.
[[0;32m  OK  [0m] Started ACPI event daemon.
[[0;32m  OK  [0m] Started Deferred execution scheduler.
         Starting Snappy daemon...
         Starting Virtualbox guest utils...
[[0;32m  OK  [0m] Started System Logging Service.
[[0;32m  OK  [0m] Started /etc/rc.local Compatibility.
[[0;32m  OK  [0m] Started Login to default iSCSI targets.
[[0;32m  OK  [0m] Started LSB: MD monitoring daemon.
[[0;32m  OK  [0m] Started LXD - container startup/shutdown.
[[0;32m  OK  [0m] Started LSB: Record successful boot for GRUB.
[[0;32m  OK  [0m] Started Login Service.
         Starting Authenticate and Authorize Users to Run Privileged Tasks...
[[0;32m  OK  [0m] Reached target Remote File Systems (Pre).
[[0;32m  OK  [0m] Reached target Remote File Systems.
         Starting Permit User Sessions...
         Starting LSB: Set the CPU Frequency Scaling governor to "ondemand"...
         Starting LSB: daemon to balance interrupts for SMP systems...
         Starting LSB: automatic crash report generation...
[[0;32m  OK  [0m] Started Permit User Sessions.
[[0;32m  OK  [0m] Started Pollinate to seed the pseudo random number generator.
[[0;32m  OK  [0m] Started LSB: Set the CPU Frequency Scaling governor to "ondemand".
[[0;32m  OK  [0m] Started Virtualbox guest utils.
         Starting OpenBSD Secure Shell server...
         Starting Terminate Plymouth Boot Screen...
         Starting Hold until boot process finishes up...
[[0;32m  OK  [0m] Started LSB: automatic crash report generation.
[[0;32m  OK  [0m] Started Hold until boot process finishes up.
[[0;32m  OK  [0m] Started Authenticate and Authorize Users to Run Privileged Tasks.
[[0;32m  OK  [0m] Started Accounts Service.
[[0;32m  OK  [0m] Started Terminate Plymouth Boot Screen.
[[0;32m  OK  [0m] Started LSB: daemon to balance interrupts for SMP systems.
[[0;32m  OK  [0m] Started OpenBSD Secure Shell server.
         Starting Set console scheme...
[[0;32m  OK  [0m] Started Getty on tty1.
[[0;32m  OK  [0m] Started Serial Getty on ttyS0.
[[0;32m  OK  [0m] Reached target Login Prompts.
[[0;32m  OK  [0m] Started Set console scheme.
[[0;32m  OK  [0m] Started Snappy daemon.
         Starting Wait until snapd is fully seeded...
[[0;32m  OK  [0m] Created slice User Slice of vagrant.
         Starting User Manager for UID 1000...
[[0;32m  OK  [0m] Started Session 1 of user vagrant.
[[0;32m  OK  [0m] Started User Manager for UID 1000.
[[0;32m  OK  [0m] Started Wait until snapd is fully seeded.
         Starting Apply the settings specified in cloud-config...
[[0;32m  OK  [0m] Reached target Multi-User System.
[[0;32m  OK  [0m] Reached target Graphical Interface.
         Starting Update UTMP about System Runlevel Changes...
[[0;32m  OK  [0m] Started Update UTMP about System Runlevel Changes.
[   16.304470] cloud-init[1445]: Generating locales (this might take a while)...
         Stopping User Manager for UID 1000...
[[0;32m  OK  [0m] Stopped User Manager for UID 1000.
[[0;32m  OK  [0m] Removed slice User Slice of vagrant.
[[0;32m  OK  [0m] Created slice User Slice of vagrant.
         Starting User Manager for UID 1000...
[[0;32m  OK  [0m] Started Session 2 of user vagrant.
[[0;32m  OK  [0m] Started User Manager for UID 1000.
[   17.714665] cloud-init[1445]:   en_US.UTF-8... done
[   17.716036] cloud-init[1445]: Generation complete.
[   18.288507] cloud-init[1445]: Cloud-init v. 18.4-0ubuntu1~16.04.2 running 'modules:config' at Wed, 30 Jan 2019 11:32:17 +0000. Up 16.17 seconds.
ci-info: no authorized ssh keys fingerprints found for user ubuntu.
<14>Jan 30 11:32:20 ec2: 
<14>Jan 30 11:32:20 ec2: #############################################################
<14>Jan 30 11:32:20 ec2: -----BEGIN SSH HOST KEY FINGERPRINTS-----
<14>Jan 30 11:32:20 ec2: 1024 SHA256:/0Z4OcKL9bX7hoIB1vClSjFOSw8O8v7wDZtRWAiBo/M root@ubuntu-xenial (DSA)
<14>Jan 30 11:32:20 ec2: 256 SHA256:f/yjG5ALcjuDEWjPRf2Ds9oLHYfaMuawC6ZK02pkU2U root@ubuntu-xenial (ECDSA)
<14>Jan 30 11:32:20 ec2: 256 SHA256:rDby3IDRsNF4AyH0VjHUeTfEX065zVM5frZIvMzILDo root@ubuntu-xenial (ED25519)
<14>Jan 30 11:32:20 ec2: 2048 SHA256:4OlrXte8qIj6Mc6SBv8sSMfR7LoDNNb302hdkv0oIJE root@ubuntu-xenial (RSA)
<14>Jan 30 11:32:20 ec2: -----END SSH HOST KEY FINGERPRINTS-----
<14>Jan 30 11:32:20 ec2: #############################################################
-----BEGIN SSH HOST KEY KEYS-----
ecdsa-sha2-nistp256 AAAAE2VjZHNhLXNoYTItbmlzdHAyNTYAAAAIbmlzdHAyNTYAAABBBJ2azbUZm1DMUWkmrN7GwCoX/U7EEquDZTfGiRtSefcCC4/tRut7gjX/+CtkZCf9/0RVUl/vg7dFDhpozpa9A44= root@ubuntu-xenial
ssh-ed25519 AAAAC3NzaC1lZDI1NTE5AAAAIC7k0szLKnqka1tkr7sC6467PKbYJu9qexT5KgFLgetI root@ubuntu-xenial
ssh-rsa AAAAB3NzaC1yc2EAAAADAQABAAABAQC667muvZq4YFth+NfkRCMKePG67pathwplzvGwSjWrZ2hM5UdU79kTgh+Wql5zdbxQ+Ho3U0NqijHpLbFUrptbBPwffOTwYIHJ3b3ub4t70fUxJq5YDWdPcvfL0gznvKuUFJigY0L0ZZS0gv9rAaWIRl6n1juHCVBWPteuiEsAlBJh3lSIqyUsoL+O/Erd4BFoRqpEur4fk2TTcuZ7tOaECYk/6S9VrpUOSbODmrGsmmRNn9dvB/TLzcIW8QcJ8Fl86u9EA0QjO9AnBbgZkpJSWhGOJ1ob4do53JW5FyLea+n49/PZx/Sm7OUk8zlSXSVu4URH2W7JMagwv8hRHvuz root@ubuntu-xenial
-----END SSH HOST KEY KEYS-----
[   19.067360] cloud-init[1576]: Cloud-init v. 18.4-0ubuntu1~16.04.2 running 'modules:final' at Wed, 30 Jan 2019 11:32:20 +0000. Up 18.84 seconds.
[   19.068245] cloud-init[1576]: ci-info: no authorized ssh keys fingerprints found for user ubuntu.
[   19.069169] cloud-init[1576]: Cloud-init v. 18.4-0ubuntu1~16.04.2 finished at Wed, 30 Jan 2019 11:32:20 +0000. Datasource DataSourceNoCloud [seed=/dev/sdb][dsmode=net].  Up 19.05 seconds

Ubuntu 16.04.5 LTS ubuntu-xenial ttyS0

ubuntu-xenial login: 