[    0.000000] Initializing cgroup subsys cpuset
[    0.000000] Initializing cgroup subsys cpu
[    0.000000] Initializing cgroup subsys cpuacct
[    0.000000] Linux version 4.4.0-141-generic (buildd@lcy01-amd64-006) (gcc version 5.4.0 20160609 (Ubuntu 5.4.0-6ubuntu1~16.04.10) ) #167-Ubuntu SMP Wed Dec 5 10:40:15 UTC 2018 (Ubuntu 4.4.0-141.167-generic 4.4.162)
[    0.000000] Command line: BOOT_IMAGE=/boot/vmlinuz-4.4.0-141-generic root=LABEL=cloudimg-rootfs ro console=tty1 console=ttyS0
[    0.000000] KERNEL supported cpus:
[    0.000000]   Intel GenuineIntel
[    0.000000]   AMD AuthenticAMD
[    0.000000]   Centaur CentaurHauls
[    0.000000] x86/fpu: xstate_offset[2]:  576, xstate_sizes[2]:  256
[    0.000000] x86/fpu: Supporting XSAVE feature 0x01: 'x87 floating point registers'
[    0.000000] x86/fpu: Supporting XSAVE feature 0x02: 'SSE registers'
[    0.000000] x86/fpu: Supporting XSAVE feature 0x04: 'AVX registers'
[    0.000000] x86/fpu: Enabled xstate features 0x7, context size is 832 bytes, using 'standard' format.
[    0.000000] e820: BIOS-provided physical RAM map:
[    0.000000] BIOS-e820: [mem 0x0000000000000000-0x000000000009fbff] usable
[    0.000000] BIOS-e820: [mem 0x000000000009fc00-0x000000000009ffff] reserved
[    0.000000] BIOS-e820: [mem 0x00000000000f0000-0x00000000000fffff] reserved
[    0.000000] BIOS-e820: [mem 0x0000000000100000-0x000000003ffeffff] usable
[    0.000000] BIOS-e820: [mem 0x000000003fff0000-0x000000003fffffff] ACPI data
[    0.000000] BIOS-e820: [mem 0x00000000fec00000-0x00000000fec00fff] reserved
[    0.000000] BIOS-e820: [mem 0x00000000fee00000-0x00000000fee00fff] reserved
[    0.000000] BIOS-e820: [mem 0x00000000fffc0000-0x00000000ffffffff] reserved
[    0.000000] NX (Execute Disable) protection: active
[    0.000000] SMBIOS 2.5 present.
[    0.000000] Hypervisor detected: KVM
[    0.000000] e820: last_pfn = 0x3fff0 max_arch_pfn = 0x400000000
[    0.000000] MTRR: Disabled
[    0.000000] x86/PAT: MTRRs disabled, skipping PAT initialization too.
[    0.000000] CPU MTRRs all blank - virtualized system.
[    0.000000] x86/PAT: Configuration [0-7]: WB  WT  UC- UC  WB  WT  UC- UC  
[    0.000000] found SMP MP-table at [mem 0x0009fff0-0x0009ffff] mapped at [ffff88000009fff0]
[    0.000000] Scanning 1 areas for low memory corruption
[    0.000000] RAMDISK: [mem 0x36304000-0x37179fff]
[    0.000000] ACPI: Early table checksum verification disabled
[    0.000000] ACPI: RSDP 0x00000000000E0000 000024 (v02 VBOX  )
[    0.000000] ACPI: XSDT 0x000000003FFF0030 00003C (v01 VBOX   VBOXXSDT 00000001 ASL  00000061)
[    0.000000] ACPI: FACP 0x000000003FFF00F0 0000F4 (v04 VBOX   VBOXFACP 00000001 ASL  00000061)
[    0.000000] ACPI: DSDT 0x000000003FFF0470 0022EA (v02 VBOX   VBOXBIOS 00000002 INTL 20100528)
[    0.000000] ACPI: FACS 0x000000003FFF0200 000040
[    0.000000] ACPI: FACS 0x000000003FFF0200 000040
[    0.000000] ACPI: APIC 0x000000003FFF0240 00005C (v02 VBOX   VBOXAPIC 00000001 ASL  00000061)
[    0.000000] ACPI: SSDT 0x000000003FFF02A0 0001CC (v01 VBOX   VBOXCPUT 00000002 INTL 20100528)
[    0.000000] No NUMA configuration found
[    0.000000] Faking a node at [mem 0x0000000000000000-0x000000003ffeffff]
[    0.000000] NODE_DATA(0) allocated [mem 0x3ffeb000-0x3ffeffff]
[    0.000000] kvm-clock: Using msrs 4b564d01 and 4b564d00
[    0.000000] kvm-clock: cpu 0, msr 0:3ffe3001, primary cpu clock
[    0.000000] kvm-clock: using sched offset of 3583033068 cycles
[    0.000000] clocksource: kvm-clock: mask: 0xffffffffffffffff max_cycles: 0x1cd42e4dffb, max_idle_ns: 881590591483 ns
[    0.000000] Zone ranges:
[    0.000000]   DMA      [mem 0x0000000000001000-0x0000000000ffffff]
[    0.000000]   DMA32    [mem 0x0000000001000000-0x000000003ffeffff]
[    0.000000]   Normal   empty
[    0.000000]   Device   empty
[    0.000000] Movable zone start for each node
[    0.000000] Early memory node ranges
[    0.000000]   node   0: [mem 0x0000000000001000-0x000000000009efff]
[    0.000000]   node   0: [mem 0x0000000000100000-0x000000003ffeffff]
[    0.000000] Initmem setup node 0 [mem 0x0000000000001000-0x000000003ffeffff]
[    0.000000] ACPI: PM-Timer IO Port: 0x4008
[    0.000000] IOAPIC[0]: apic_id 2, version 32, address 0xfec00000, GSI 0-23
[    0.000000] ACPI: INT_SRC_OVR (bus 0 bus_irq 0 global_irq 2 dfl dfl)
[    0.000000] ACPI: INT_SRC_OVR (bus 0 bus_irq 9 global_irq 9 low level)
[    0.000000] Using ACPI (MADT) for SMP configuration information
[    0.000000] smpboot: Allowing 2 CPUs, 0 hotplug CPUs
[    0.000000] PM: Registered nosave memory: [mem 0x00000000-0x00000fff]
[    0.000000] PM: Registered nosave memory: [mem 0x0009f000-0x0009ffff]
[    0.000000] PM: Registered nosave memory: [mem 0x000a0000-0x000effff]
[    0.000000] PM: Registered nosave memory: [mem 0x000f0000-0x000fffff]
[    0.000000] e820: [mem 0x40000000-0xfebfffff] available for PCI devices
[    0.000000] Booting paravirtualized kernel on KVM
[    0.000000] clocksource: refined-jiffies: mask: 0xffffffff max_cycles: 0xffffffff, max_idle_ns: 7645519600211568 ns
[    0.000000] setup_percpu: NR_CPUS:512 nr_cpumask_bits:512 nr_cpu_ids:2 nr_node_ids:1
[    0.000000] PERCPU: Embedded 34 pages/cpu @ffff88003fc00000 s99608 r8192 d31464 u1048576
[    0.000000] PV qspinlock hash table entries: 256 (order: 0, 4096 bytes)
[    0.000000] Built 1 zonelists in Node order, mobility grouping on.  Total pages: 257912
[    0.000000] Policy zone: DMA32
[    0.000000] Kernel command line: BOOT_IMAGE=/boot/vmlinuz-4.4.0-141-generic root=LABEL=cloudimg-rootfs ro console=tty1 console=ttyS0
[    0.000000] PID hash table entries: 4096 (order: 3, 32768 bytes)
[    0.000000] Memory: 997696K/1048120K available (8568K kernel code, 1314K rwdata, 4008K rodata, 1528K init, 1316K bss, 50424K reserved, 0K cma-reserved)
[    0.000000] SLUB: HWalign=64, Order=0-3, MinObjects=0, CPUs=2, Nodes=1
[    0.000000] Kernel/User page tables isolation: enabled
[    0.000000] Hierarchical RCU implementation.
[    0.000000] 	Build-time adjustment of leaf fanout to 64.
[    0.000000] 	RCU restricting CPUs from NR_CPUS=512 to nr_cpu_ids=2.
[    0.000000] RCU: Adjusting geometry for rcu_fanout_leaf=64, nr_cpu_ids=2
[    0.000000] NR_IRQS:33024 nr_irqs:440 16
[    0.000000] Console: colour VGA+ 80x25
[    0.000000] console [tty1] enabled
[    0.000000] console [ttyS0] enabled
[    0.000000] tsc: Detected 2712.004 MHz processor
[    0.198717] Calibrating delay loop (skipped) preset value.. 5424.00 BogoMIPS (lpj=10848016)
[    0.200619] pid_max: default: 32768 minimum: 301
[    0.201604] ACPI: Core revision 20150930
[    0.203427] ACPI: 2 ACPI AML tables successfully acquired and loaded
[    0.204863] Security Framework initialized
[    0.206019] Yama: becoming mindful.
[    0.206834] AppArmor: AppArmor initialized
[    0.207791] Dentry cache hash table entries: 131072 (order: 8, 1048576 bytes)
[    0.212572] Inode-cache hash table entries: 65536 (order: 7, 524288 bytes)
[    0.214070] Mount-cache hash table entries: 2048 (order: 2, 16384 bytes)
[    0.215448] Mountpoint-cache hash table entries: 2048 (order: 2, 16384 bytes)
[    0.217067] Initializing cgroup subsys io
[    0.217985] Initializing cgroup subsys memory
[    0.219107] Initializing cgroup subsys devices
[    0.220036] Initializing cgroup subsys freezer
[    0.221036] Initializing cgroup subsys net_cls
[    0.222003] Initializing cgroup subsys perf_event
[    0.223054] Initializing cgroup subsys net_prio
[    0.224060] Initializing cgroup subsys hugetlb
[    0.225052] Initializing cgroup subsys pids
[    0.228088] mce: CPU supports 0 MCE banks
[    0.229006] Last level iTLB entries: 4KB 64, 2MB 8, 4MB 8
[    0.230220] Last level dTLB entries: 4KB 64, 2MB 0, 4MB 0, 1GB 4
[    0.231488] Spectre V2 : Mitigation: Full generic retpoline
[    0.232639] Spectre V2 : Spectre v2 mitigation: Speculation control IBPB not-supported IBRS not-supported
[    0.234497] Spectre V2 : Spectre v2 / SpectreRSB mitigation: Filling RSB on context switch
[    0.236915] Speculative Store Bypass: Vulnerable
[    0.241460] Freeing SMP alternatives memory: 32K
[    0.257863] ftrace: allocating 32291 entries in 127 pages
[    0.359302] smpboot: APIC(0) Converting physical 0 to logical package 0
[    0.361004] smpboot: Max logical packages: 1
[    0.362812] x2apic enabled
[    0.364029] Switched APIC routing to physical x2apic.
[    0.366845] ..TIMER: vector=0x30 apic1=0 pin1=2 apic2=-1 pin2=-1
[    0.475108] smpboot: CPU0: Intel(R) Core(TM) i5-7200U CPU @ 2.50GHz (family: 0x6, model: 0x8e, stepping: 0x9)
[    0.477686] Performance Events: unsupported p6 CPU model 142 no PMU driver, software events only.
[    0.480122] KVM setup paravirtual spinlock
[    0.482195] x86: Booting SMP configuration:
[    0.483439] .... node  #0, CPUs:      #1
[    0.484768] kvm-clock: cpu 1, msr 0:3ffe3041, secondary cpu clock
[    0.487897] mce: CPU supports 0 MCE banks
[    0.491089] x86: Booted up 1 node, 2 CPUs
[    0.492419] smpboot: Total of 2 processors activated (10848.01 BogoMIPS)
[    0.494238] devtmpfs: initialized
[    0.497201] evm: security.selinux
[    0.498060] evm: security.SMACK64
[    0.498849] evm: security.SMACK64EXEC
[    0.499655] evm: security.SMACK64TRANSMUTE
[    0.509999] evm: security.SMACK64MMAP
[    0.511293] evm: security.ima
[    0.512211] evm: security.capability
[    0.513409] clocksource: jiffies: mask: 0xffffffff max_cycles: 0xffffffff, max_idle_ns: 7645041785100000 ns
[    0.515797] futex hash table entries: 512 (order: 3, 32768 bytes)
[    0.517345] pinctrl core: initialized pinctrl subsystem
[    0.518738] RTC time: 14:07:43, date: 01/28/19
[    0.520065] NET: Registered protocol family 16
[    0.532018] cpuidle: using governor ladder
[    0.543809] cpuidle: using governor menu
[    0.545117] PCCT header not found.
[    0.546185] ACPI: bus type PCI registered
[    0.547413] acpiphp: ACPI Hot Plug PCI Controller Driver version: 0.5
[    0.549205] PCI: Using configuration type 1 for base access
[    0.566926] ACPI: Added _OSI(Module Device)
[    0.568127] ACPI: Added _OSI(Processor Device)
[    0.569395] ACPI: Added _OSI(3.0 _SCP Extensions)
[    0.571894] ACPI: Added _OSI(Processor Aggregator Device)
[    0.576382] ACPI: Executed 1 blocks of module-level executable AML code
[    0.584985] ACPI: Interpreter enabled
[    0.587201] ACPI: (supports S0 S5)
[    0.589268] ACPI: Using IOAPIC for interrupt routing
[    0.592219] PCI: Using host bridge windows from ACPI; if necessary, use "pci=nocrs" and report a bug
[    0.605772] ACPI: PCI Root Bridge [PCI0] (domain 0000 [bus 00-ff])
[    0.608582] acpi PNP0A03:00: _OSC: OS supports [ASPM ClockPM Segments MSI]
[    0.612442] acpi PNP0A03:00: _OSC: not requesting OS control; OS requires [ExtendedConfig ASPM ClockPM MSI]
[    0.617095] acpi PNP0A03:00: fail to add MMCONFIG information, can't access extended PCI configuration space under this bridge.
[    0.623316] PCI host bridge to bus 0000:00
[    0.625352] pci_bus 0000:00: root bus resource [io  0x0000-0x0cf7 window]
[    0.628408] pci_bus 0000:00: root bus resource [io  0x0d00-0xffff window]
[    0.630673] pci_bus 0000:00: root bus resource [mem 0x000a0000-0x000bffff window]
[    0.633183] pci_bus 0000:00: root bus resource [mem 0x40000000-0xfdffffff window]
[    0.635703] pci_bus 0000:00: root bus resource [bus 00-ff]
[    0.640569] pci 0000:00:01.1: legacy IDE quirk: reg 0x10: [io  0x01f0-0x01f7]
[    0.642725] pci 0000:00:01.1: legacy IDE quirk: reg 0x14: [io  0x03f6]
[    0.644709] pci 0000:00:01.1: legacy IDE quirk: reg 0x18: [io  0x0170-0x0177]
[    0.646799] pci 0000:00:01.1: legacy IDE quirk: reg 0x1c: [io  0x0376]
[    0.693483] pci 0000:00:07.0: quirk: [io  0x4000-0x403f] claimed by PIIX4 ACPI
[    0.696012] pci 0000:00:07.0: quirk: [io  0x4100-0x410f] claimed by PIIX4 SMB
[    0.714629] ACPI: PCI Interrupt Link [LNKA] (IRQs 5 9 10 *11)
[    0.717449] ACPI: PCI Interrupt Link [LNKB] (IRQs 5 9 *10 11)
[    0.720111] ACPI: PCI Interrupt Link [LNKC] (IRQs 5 *9 10 11)
[    0.722846] ACPI: PCI Interrupt Link [LNKD] (IRQs 5 9 10 *11)
[    0.725649] ACPI: Enabled 2 GPEs in block 00 to 07
[    0.727931] vgaarb: setting as boot device: PCI:0000:00:02.0
[    0.729729] vgaarb: device added: PCI:0000:00:02.0,decodes=io+mem,owns=io+mem,locks=none
[    0.732819] vgaarb: loaded
[    0.733830] vgaarb: bridge control possible 0000:00:02.0
[    0.735901] SCSI subsystem initialized
[    0.737395] ACPI: bus type USB registered
[    0.738832] usbcore: registered new interface driver usbfs
[    0.740440] usbcore: registered new interface driver hub
[    0.742009] usbcore: registered new device driver usb
[    0.749078] PCI: Using ACPI for IRQ routing
[    0.751269] NetLabel: Initializing
[    0.752518] NetLabel:  domain hash size = 128
[    0.753970] NetLabel:  protocols = UNLABELED CIPSOv4
[    0.755935] NetLabel:  unlabeled traffic allowed by default
[    0.758151] amd_nb: Cannot enumerate AMD northbridges
[    0.759895] clocksource: Switched to clocksource kvm-clock
[    0.782322] AppArmor: AppArmor Filesystem Enabled
[    0.783684] pnp: PnP ACPI init
[    0.785540] pnp: PnP ACPI: found 3 devices
[    0.802126] clocksource: acpi_pm: mask: 0xffffff max_cycles: 0xffffff, max_idle_ns: 2085701024 ns
[    0.804270] NET: Registered protocol family 2
[    0.805376] TCP established hash table entries: 8192 (order: 4, 65536 bytes)
[    0.806775] TCP bind hash table entries: 8192 (order: 5, 131072 bytes)
[    0.808061] TCP: Hash tables configured (established 8192 bind 8192)
[    0.809489] UDP hash table entries: 512 (order: 2, 16384 bytes)
[    0.810994] UDP-Lite hash table entries: 512 (order: 2, 16384 bytes)
[    0.812763] NET: Registered protocol family 1
[    0.813999] pci 0000:00:00.0: Limiting direct PCI/PCI transfers
[    0.815521] pci 0000:00:01.0: Activating ISA DMA hang workarounds
[    0.817258] Unpacking initramfs...
[    1.205368] Freeing initrd memory: 14808K
[    1.206455] platform rtc_cmos: registered platform RTC device (no PNP device found)
[    1.208127] Scanning for low memory corruption every 60 seconds
[    1.209698] audit: initializing netlink subsys (disabled)
[    1.210792] audit: type=2000 audit(1548684468.161:1): initialized
[    1.212563] Initialise system trusted keyring
[    1.213750] HugeTLB registered 2 MB page size, pre-allocated 0 pages
[    1.216533] zbud: loaded
[    1.217910] VFS: Disk quotas dquot_6.6.0
[    1.218932] VFS: Dquot-cache hash table entries: 512 (order 0, 4096 bytes)
[    1.220473] squashfs: version 4.0 (2009/01/31) Phillip Lougher
[    1.221968] fuse init (API version 7.23)
[    1.222916] Key type big_key registered
[    1.223783] Allocating IMA MOK and blacklist keyrings.
[    1.228403] Key type asymmetric registered
[    1.229345] Asymmetric key parser 'x509' registered
[    1.230501] Block layer SCSI generic (bsg) driver version 0.4 loaded (major 249)
[    1.232290] io scheduler noop registered
[    1.233403] io scheduler deadline registered (default)
[    1.234490] io scheduler cfq registered
[    1.235488] pci_hotplug: PCI Hot Plug PCI Core version: 0.5
[    1.236689] pciehp: PCI Express Hot Plug Controller Driver version: 0.4
[    1.238100] ACPI: AC Adapter [AC] (off-line)
[    1.239116] input: Power Button as /devices/LNXSYSTM:00/LNXPWRBN:00/input/input0
[    1.240836] ACPI: Power Button [PWRF]
[    1.241786] input: Sleep Button as /devices/LNXSYSTM:00/LNXSLPBN:00/input/input1
[    1.243724] ACPI: Sleep Button [SLPF]
[    1.245703] ACPI: Battery Slot [BAT0] (battery present)
[    1.246984] GHES: HEST is not enabled!
[    1.248035] Serial: 8250/16550 driver, 32 ports, IRQ sharing enabled
 !"#$%&'()*+,-./0123456789:;<=>?@ABCDEFGHIJKLMNOPQRSTUVWXYZ[\]^_`abcdefghijklmnopqrstuvwxyz{|}~ÄÅÇÉÑÖÜáàâäãåçéèêëíìîïñóòôöõúùûü†°¢£§•¶ß®©™´¨≠ÆØ∞±≤≥¥µ∂∑∏π∫ªºΩæø¿¡¬√ƒ≈∆«»… ÀÃÕŒœ–—“”‘’÷◊ÿŸ⁄€‹›ﬁﬂ‡·‚ÒÚÛÙıˆ˜¯˘˙˚¸˝˛ˇ[    1.271033] 00:02: ttyS0 at I/O 0x3f8 (irq = 4, base_baud = 115200) is a 16550A
[    1.275027] Linux agpgart interface v0.103
[    1.280277] loop: module loaded
[    1.282191] scsi host0: ata_piix
[    1.283977] scsi host1: ata_piix
[    1.285032] ata1: PATA max UDMA/33 cmd 0x1f0 ctl 0x3f6 bmdma 0xd000 irq 14
[    1.286573] ata2: PATA max UDMA/33 cmd 0x170 ctl 0x376 bmdma 0xd008 irq 15
[    1.288336] libphy: Fixed MDIO Bus: probed
[    1.289862] tun: Universal TUN/TAP device driver, 1.6
[    1.292415] tun: (C) 1999-2004 Max Krasnyansky <maxk@qualcomm.com>
[    1.295386] PPP generic driver version 2.4.2
[    1.297737] ehci_hcd: USB 2.0 'Enhanced' Host Controller (EHCI) Driver
[    1.300675] ehci-pci: EHCI PCI platform driver
[    1.303077] ehci-platform: EHCI generic platform driver
[    1.305787] ohci_hcd: USB 1.1 'Open' Host Controller (OHCI) Driver
[    1.308698] ohci-pci: OHCI PCI platform driver
[    1.310952] ohci-platform: OHCI generic platform driver
[    1.313562] uhci_hcd: USB Universal Host Controller Interface driver
[    1.316569] i8042: PNP: PS/2 Controller [PNP0303:PS2K,PNP0f03:PS2M] at 0x60,0x64 irq 1,12
[    1.321972] serio: i8042 KBD port at 0x60,0x64 irq 1
[    1.324471] serio: i8042 AUX port at 0x60,0x64 irq 12
[    1.327098] mousedev: PS/2 mouse device common for all mice
[    1.330845] rtc_cmos rtc_cmos: rtc core: registered rtc_cmos as rtc0
[    1.334033] rtc_cmos rtc_cmos: alarms up to one day, 114 bytes nvram
[    1.336936] i2c /dev entries driver
[    1.339069] input: AT Translated Set 2 keyboard as /devices/platform/i8042/serio0/input/input2
[    1.343599] device-mapper: uevent: version 1.0.3
[    1.346300] device-mapper: ioctl: 4.34.0-ioctl (2015-10-28) initialised: dm-devel@redhat.com
[    1.350570] ledtrig-cpu: registered to indicate activity on CPUs
[    1.354656] NET: Registered protocol family 10
[    1.357455] NET: Registered protocol family 17
[    1.359790] Key type dns_resolver registered
[    1.362557] registered taskstats version 1
[    1.364989] Loading compiled-in X.509 certificates
[    1.368667] Loaded X.509 cert 'Build time autogenerated kernel key: 7c9fb337b82e5a343493fe891c556beae1895c7c'
[    1.373468] zswap: loaded using pool lzo/zbud
[    1.380605] Key type trusted registered
[    1.392180] Key type encrypted registered
[    1.394456] AppArmor: AppArmor sha1 policy hashing enabled
[    1.397285] ima: No TPM chip found, activating TPM-bypass!
[    1.400092] ima: Allocated hash algorithm: sha1
[    1.402638] evm: HMAC attrs: 0x1
[    1.405667]   Magic number: 3:622:132
[    1.427990] rtc_cmos rtc_cmos: setting system clock to 2019-01-28 14:07:44 UTC (1548684464)
[    1.432426] BIOS EDD facility v0.16 2004-Jun-25, 0 devices found
[    1.435164] EDD information not available.
[    1.446849] Freeing unused kernel memory: 1528K
[    1.461444] Write protecting the kernel read-only data: 14336k
[    1.464274] Freeing unused kernel memory: 1660K
[    1.466180] Freeing unused kernel memory: 88K
Loading, please wait...
starting version 229
[    1.490000] random: systemd-udevd: uninitialized urandom read (16 bytes read, 3 bits of entropy available)
[    1.491096] random: udevadm: uninitialized urandom read (16 bytes read, 3 bits of entropy available)
[    1.491131] random: udevadm: uninitialized urandom read (16 bytes read, 3 bits of entropy available)
[    1.498454] random: systemd-udevd: uninitialized urandom read (16 bytes read, 3 bits of entropy available)
[    1.502623] random: systemd-udevd: uninitialized urandom read (16 bytes read, 3 bits of entropy available)
[    1.504483] random: udevadm: uninitialized urandom read (16 bytes read, 3 bits of entropy available)
[    1.504555] random: udevadm: uninitialized urandom read (16 bytes read, 3 bits of entropy available)
[    1.504797] random: udevadm: uninitialized urandom read (16 bytes read, 3 bits of entropy available)
[    1.504947] random: udevadm: uninitialized urandom read (16 bytes read, 3 bits of entropy available)
[    1.505036] random: udevadm: uninitialized urandom read (16 bytes read, 3 bits of entropy available)
[    1.581445] Fusion MPT base driver 3.04.20
[    1.582758] Copyright (c) 1999-2008 LSI Corporation
[    1.585360] e1000: Intel(R) PRO/1000 Network Driver - version 7.3.21-k8-NAPI
[    1.586941] e1000: Copyright (c) 1999-2006 Intel Corporation.
[    1.598719] Fusion MPT SPI Host driver 3.04.20
[    1.603795] AVX2 version of gcm_enc/dec engaged.
[    1.604955] AES CTR mode by8 optimization enabled
[    1.801765] input: ImExPS/2 Generic Explorer Mouse as /devices/platform/i8042/serio1/input/input4
[    2.204346] tsc: Refined TSC clocksource calibration: 2710.914 MHz
[    2.207133] e1000 0000:00:03.0 eth0: (PCI:33MHz:32-bit) 02:9c:d2:53:c1:d1
[    2.207150] e1000 0000:00:03.0 eth0: Intel(R) PRO/1000 Network Connection
[    2.221328] clocksource: tsc: mask: 0xffffffffffffffff max_cycles: 0x27138499089, max_idle_ns: 440795255478 ns
[    3.236151] e1000 0000:00:08.0 eth1: (PCI:33MHz:32-bit) 08:00:27:f8:e7:b9
[    3.240268] e1000 0000:00:08.0 eth1: Intel(R) PRO/1000 Network Connection
[    3.247265] mptbase: ioc0: Initiating bringup
[    3.252676] e1000 0000:00:08.0 enp0s8: renamed from eth1
[    3.269258] e1000 0000:00:03.0 enp0s3: renamed from eth0
[    3.313050] ioc0: LSI53C1030 A0: Capabilities={Initiator}
[    4.210235] scsi host2: ioc0: LSI53C1030 A0, FwRev=00000000h, Ports=1, MaxQ=256, IRQ=20
[    4.590351] scsi 2:0:0:0: Direct-Access     VBOX     HARDDISK         1.0  PQ: 0 ANSI: 5
[    4.599363] scsi target2:0:0: Beginning Domain Validation
[    4.608597] scsi target2:0:0: Domain Validation skipping write tests
[    4.613405] scsi target2:0:0: Ending Domain Validation
[    4.618322] scsi target2:0:0: asynchronous
[    4.623834] scsi 2:0:1:0: Direct-Access     VBOX     HARDDISK         1.0  PQ: 0 ANSI: 5
[    4.674839] scsi target2:0:1: Beginning Domain Validation
[    4.682552] scsi target2:0:1: Domain Validation skipping write tests
[    4.687539] scsi target2:0:1: Ending Domain Validation
[    4.692405] scsi target2:0:1: asynchronous
[    4.721029] sd 2:0:0:0: [sda] 20971520 512-byte logical blocks: (10.7 GB/10.0 GiB)
[    4.728633] sd 2:0:0:0: Attached scsi generic sg0 type 0
[    4.733660] sd 2:0:0:0: [sda] Write Protect is off
[    4.738705] sd 2:0:0:0: [sda] Incomplete mode parameter data
[    4.743125] sd 2:0:0:0: [sda] Assuming drive cache: write through
[    4.749003] sd 2:0:1:0: Attached scsi generic sg1 type 0
[    4.750664] sd 2:0:1:0: [sdb] 20480 512-byte logical blocks: (10.5 MB/10.0 MiB)
[    4.751253] sd 2:0:1:0: [sdb] Write Protect is off
[    4.752447] sd 2:0:1:0: [sdb] Incomplete mode parameter data
[    4.752453] sd 2:0:1:0: [sdb] Assuming drive cache: write through
[    4.768244]  sda: sda1
[    4.771533] sd 2:0:1:0: [sdb] Attached SCSI disk
[    4.771902] sd 2:0:0:0: [sda] Attached SCSI disk
Begin: Loading essential drivers ... [    6.499530] md: linear personality registered for level -1
[    6.504606] md: multipath personality registered for level -4
[    6.510944] md: raid0 personality registered for level 0
[    6.516664] md: raid1 personality registered for level 1
[    6.592157] raid6: sse2x1   gen()  6842 MB/s
[    6.660523] raid6: sse2x1   xor()  5107 MB/s
[    6.727933] raid6: sse2x2   gen()  8590 MB/s
[    6.795925] raid6: sse2x2   xor()  6018 MB/s
[    6.864317] raid6: sse2x4   gen()  8843 MB/s
[    6.932192] raid6: sse2x4   xor()  5500 MB/s
[    7.000205] raid6: avx2x1   gen() 13086 MB/s
[    7.068007] raid6: avx2x2   gen() 17799 MB/s
[    7.135916] raid6: avx2x4   gen() 16796 MB/s
[    7.137168] raid6: using algorithm avx2x2 gen() 17799 MB/s
[    7.138703] raid6: using avx2x2 recovery algorithm
[    7.142036] xor: automatically using best checksumming function:
[    7.180260]    avx       : 17402.000 MB/sec
[    7.185512] async_tx: api initialized (async)
[    7.206514] md: raid6 personality registered for level 6
[    7.209409] md: raid5 personality registered for level 5
[    7.212057] md: raid4 personality registered for level 4
[    7.227811] md: raid10 personality registered for level 10
done.
Begin: Running /scripts/init-premount ... done.
Begin: Mounting root file system ... Begin: Running /scripts/local-top ... done.
Begin: Running /scripts/local-premount ... [    7.310605] Btrfs loaded
Scanning for Btrfs filesystems
done.
Warning: fsck not present, so skipping root file system
[    7.378797] EXT4-fs (sda1): mounted filesystem with ordered data mode. Opts: (null)
done.
Begin: Running /scripts/local-bottom ... done.
Begin: Running /scripts/init-bottom ... done.
[    7.645591] systemd[1]: systemd 229 running in system mode. (+PAM +AUDIT +SELINUX +IMA +APPARMOR +SMACK +SYSVINIT +UTMP +LIBCRYPTSETUP +GCRYPT +GNUTLS +ACL +XZ -LZ4 +SECCOMP +BLKID +ELFUTILS +KMOD -IDN)
[    7.656518] systemd[1]: Detected virtualization oracle.
[    7.659434] systemd[1]: Detected architecture x86-64.

Welcome to [1mUbuntu 16.04.5 LTS[0m!

[    7.673691] systemd[1]: Set hostname to <ubuntu>.
[    7.683247] systemd[1]: Initializing machine ID from random generator.
[    7.687519] systemd[1]: Installed transient /etc/machine-id file.
[    8.060328] systemd[1]: Reached target User and Group Name Lookups.
[[0;32m  OK  [0m] Reached target User and Group Name Lookups.
[    8.069793] systemd[1]: Listening on Journal Socket (/dev/log).
[[0;32m  OK  [0m] Listening on Journal Socket (/dev/log).
[    8.078388] systemd[1]: Listening on LVM2 metadata daemon socket.
[[0;32m  OK  [0m] Listening on LVM2 metadata daemon socket.
[    8.087234] systemd[1]: Listening on udev Kernel Socket.
[[0;32m  OK  [0m] Listening on udev Kernel Socket.
[    8.095471] systemd[1]: Listening on Journal Socket.
[[0;32m  OK  [0m] Listening on Journal Socket.
[    8.104660] systemd[1]: Created slice User and Session Slice.
[[0;32m  OK  [0m] Created slice User and Session Slice.
[    8.121177] systemd[1]: Listening on /dev/initctl Compatibility Named Pipe.
[[0;32m  OK  [0m] Listening on /dev/initctl Compatibility Named Pipe.
[    8.136967] systemd[1]: Started Forward Password Requests to Wall Directory Watch.
[[0;32m  OK  [0m] Started Forward Password Requests to Wall Directory Watch.
[    8.157355] systemd[1]: Listening on Journal Audit Socket.
[[0;32m  OK  [0m] Listening on Journal Audit Socket.
[    8.169001] systemd[1]: Listening on Device-mapper event daemon FIFOs.
[[0;32m  OK  [0m] Listening on Device-mapper event daemon FIFOs.
[    8.176753] systemd[1]: Listening on Syslog Socket.
[[0;32m  OK  [0m] Listening on Syslog Socket.
[    8.188471] systemd[1]: Reached target Swap.
[[0;32m  OK  [0m] Reached target Swap.
[    8.193383] systemd[1]: Created slice System Slice.
[[0;32m  OK  [0m] Created slice System Slice.
[    8.216696] systemd[1]: Starting Set console keymap...
         Starting Set console keymap...
[    8.223492] systemd[1]: Starting Journal Service...
         Starting Journal Service...
[    8.230691] systemd[1]: Mounting Huge Pages File System...
         Mounting Huge Pages File System...
[    8.241984] systemd[1]: Starting Remount Root and Kernel File Systems...
         Starting Remount Root and Kernel File Systems...
[    8.252207] systemd[1]: Reached target Slices.
[    8.253870] EXT4-fs (sda1): re-mounted. Opts: (null)
[[0;32m  OK  [0m] Reached target Slices.
[    8.262813] systemd[1]: Mounting Debug File System...
         Mounting Debug File System...
[    8.267958] systemd[1]: Starting Load Kernel Modules...
         Starting Load Kernel Modules...
[    8.271627] systemd[1]: Mounting POSIX Message Queue File System...
         Mounting POSIX Message Queue File System...
[    8.285175] systemd[1]: Starting Monitoring of LVM2 mirrors, snapshots etc. using dmeventd or progress polling...
         Starting Monitoring of LVM2 mirrors... dmeventd or progress polling...
[    8.296368] systemd[1]: Reached target Encrypted Volumes.
[    8.298741] Loading iSCSI transport class v2.0-870.
[[0;32m  OK  [0m] Reached target Encrypted Volumes.
[    8.323031] iscsi: registered transport (tcp)
[    8.324207] systemd[1]: Starting Create list of required static device nodes for the current kernel...
         Starting Create list of required st... nodes for the current kernel...
[    8.331532] systemd[1]: Started Trigger resolvconf update for networkd DNS.
[[0;32m  OK  [0m] Started Trigger resolvconf update for networkd DNS.
[    8.344767] systemd[1]: Listening on LVM2 poll daemon socket.
[[0;32m  OK  [0m] Listening on LVM2 poll daemon socket.
[    8.347546] systemd[1]: Created slice system-serial\x2dgetty.slice.
[[0;32m  OK  [0m] Created slice system-serial\x2dgetty.slice.
[    8.350091] systemd[1]: Listening on udev Control Socket.
[[0;32m  OK  [0m] Listening on udev Control Socket.
[    8.353543] systemd[1]: Reached target System Time Synchronized.
[[0;32m  OK  [0m] Reached target System Time Synchronized.
[    8.356625] systemd[1]: Starting Uncomplicated firewall...
         Starting Uncomplicated firewall...
[    8.359420] systemd[1]: Starting Nameserver information manager...
         Starting Nameserver information manager...
[    8.363497] systemd[1]: Set up automount Arbitrary Executable File Formats File System Automount Point.
[[0;32m  OK  [0m] Set up automount Arbitrary Executab...ats File System Automount Point.
[    8.371700] systemd[1]: Mounted Debug File System.
[[0;32m  OK  [0m] Mounted Debug File System.
[    8.373921] systemd[1]: Mounted Huge Pages File System.
[[0;32m  OK  [0m] Mounted Huge Pages File System.
[    8.376250] systemd[1]: Mounted POSIX Message Queue File System.
[[0;32m  OK  [0m] Mounted POSIX Message Queue File System.
[    8.378982] systemd[1]: Started Journal Service.
[[0;32m  OK  [0m] Started Journal Service.
[[0;32m  OK  [0m] Started Remount Root and Kernel File Systems.
[[0;32m  OK  [0m] Started Create list of required sta...ce nodes for the current kernel.
[[0;32m  OK  [0m] Started Set console keymap.
[    8.397647] iscsi: registered transport (iser)
[[0;32m  OK  [0m] Started Load Kernel Modules.
[[0;32m  OK  [0m] Started Uncomplicated firewall.
[[0;32m  OK  [0m] Started Nameserver information manager.
[    8.437527] random: nonblocking pool is initialized
[[0;32m  OK  [0m] Started LVM2 metadata daemon.
         Mounting FUSE Control File System...
         Starting Apply Kernel Variables...
         Starting Create Static Device Nodes in /dev...
         Starting udev Coldplug all Devices...
         Starting Load/Save Random Seed...
         Starting Flush Journal to Persistent Storage...
[[0;32m  OK  [0m] Mounted FUSE Control File System.
[[0;32m  OK  [0m] Started Load/Save Random Seed.
[[0;32m  OK  [0m] Started Apply Kernel Variables.
[[0;32m  OK  [0m] Started Create Static Device Nodes in /dev.
[[0;32m  OK  [0m] Started Flush Journal to Persistent Storage.
[[0;32m  OK  [0m] Started udev Coldplug all Devices.
         Starting udev Kernel Device Manager...
[[0;32m  OK  [0m] Started udev Kernel Device Manager.
[[0;32m  OK  [0m] Started Dispatch Password Requests to Console Directory Watch.
[[0;32m  OK  [0m] Found device /dev/ttyS0.
[[0;32m  OK  [0m] Started Monitoring of LVM2 mirrors,...ng dmeventd or progress polling.
[[0;32m  OK  [0m] Reached target Local File Systems (Pre).
[[0;32m  OK  [0m] Reached target Local File Systems.
         Starting Tell Plymouth To Write Out Runtime Data...
         Starting LSB: AppArmor initialization...
         Starting Commit a transient machine-id on disk...
         Starting Create Volatile Files and Directories...
         Starting Initial cloud-init job (pre-networking)...
         Starting Set console font and keymap...
[[0;32m  OK  [0m] Started Tell Plymouth To Write Out Runtime Data.
[[0;32m  OK  [0m] Started Create Volatile Files and Directories.
[[0;32m  OK  [0m] Started Commit a transient machine-id on disk.
[[0;32m  OK  [0m] Listening on Load/Save RF Kill Switch Status /dev/rfkill Watch.
         Starting Update UTMP about System Boot/Shutdown...
[[0;32m  OK  [0m] Started Update UTMP about System Boot/Shutdown.
[   10.133757] cloud-init[533]: Cloud-init v. 18.4-0ubuntu1~16.04.2 running 'init-local' at Mon, 28 Jan 2019 14:07:53 +0000. Up 9.55 seconds.
[[0;32m  OK  [0m] Started Initial cloud-init job (pre-networking).
[[0;32m  OK  [0m] Reached target Network (Pre).
[[0;32m  OK  [0m] Started LSB: AppArmor initialization.
         Starting Raise network interfaces...
[[0;32m  OK  [0m] Started Set console font and keymap.
[[0;32m  OK  [0m] Created slice system-getty.slice.
[[0;32m  OK  [0m] Started Raise network interfaces.
[[0;32m  OK  [0m] Reached target Network.
         Starting Initial cloud-init job (metadata service crawler)...
[   12.412701] cloud-init[947]: Cloud-init v. 18.4-0ubuntu1~16.04.2 running 'init' at Mon, 28 Jan 2019 14:07:55 +0000. Up 11.63 seconds.
[   12.414911] cloud-init[947]: ci-info: ++++++++++++++++++++++++++++++++++++++Net device info+++++++++++++++++++++++++++++++++++++++
[   12.416830] cloud-init[947]: ci-info: +--------+-------+----------------------------+---------------+--------+-------------------+
[   12.418580] cloud-init[947]: ci-info: | Device |   Up  |          Address           |      Mask     | Scope  |     Hw-Address    |
[   12.424555] cloud-init[947]: ci-info: +--------+-------+----------------------------+---------------+--------+-------------------+
[   12.426460] cloud-init[947]: ci-info: | enp0s3 |  True |         10.0.2.15          | 255.255.255.0 | global | 02:9c:d2:53:c1:d1 |
[   12.428025] cloud-init[947]: ci-info: | enp0s3 |  True | fe80::9c:d2ff:fe53:c1d1/64 |       .       |  link  | 02:9c:d2:53:c1:d1 |
[   12.429589] cloud-init[947]: ci-info: | enp0s8 | False |             .              |       .       |   .    | 08:00:27:f8:e7:b9 |
[   12.437297] cloud-init[947]: ci-info: |   lo   |  True |         127.0.0.1          |   255.0.0.0   |  host  |         .         |
[   12.451714] cloud-init[947]: ci-info: |   lo   |  True |          ::1/128           |       .       |  host  |         .         |
[   12.453889] cloud-init[947]: ci-info: +--------+-------+----------------------------+---------------+--------+-------------------+
[   12.456046] cloud-init[947]: ci-info: +++++++++++++++++++++++++++Route IPv4 info++++++++++++++++++++++++++++
[   12.458123] cloud-init[947]: ci-info: +-------+-------------+----------+---------------+-----------+-------+
[   12.460227] cloud-init[947]: ci-info: | Route | Destination | Gateway  |    Genmask    | Interface | Flags |
[   12.462164] cloud-init[947]: ci-info: +-------+-------------+----------+---------------+-----------+-------+
[   12.464038] cloud-init[947]: ci-info: |   0   |   0.0.0.0   | 10.0.2.2 |    0.0.0.0    |   enp0s3  |   UG  |
[   12.466082] cloud-init[947]: ci-info: |   1   |   10.0.2.0  | 0.0.0.0  | 255.255.255.0 |   enp0s3  |   U   |
[   12.468194] cloud-init[947]: ci-info: +-------+-------------+----------+---------------+-----------+-------+
[   12.471456] cloud-init[947]: ci-info: +++++++++++++++++++Route IPv6 info+++++++++++++++++++
[   12.473435] cloud-init[947]: ci-info: +-------+-------------+---------+-----------+-------+
[   12.476627] cloud-init[947]: ci-info: | Route | Destination | Gateway | Interface | Flags |
[   12.479915] cloud-init[947]: ci-info: +-------+-------------+---------+-----------+-------+
[   12.481695] cloud-init[947]: ci-info: |   0   |  fe80::/64  |    ::   |   enp0s3  |   U   |
[   12.483369] cloud-init[947]: ci-info: |   3   |   ff00::/8  |    ::   |   enp0s3  |   U   |
[   12.485241] cloud-init[947]: ci-info: +-------+-------------+---------+-----------+-------+
[   12.492920] cloud-init[947]: Generating public/private rsa key pair.
[   12.495671] cloud-init[947]: Your identification has been saved in /etc/ssh/ssh_host_rsa_key.
[   12.497379] cloud-init[947]: Your public key has been saved in /etc/ssh/ssh_host_rsa_key.pub.
[   12.499037] cloud-init[947]: The key fingerprint is:
[   12.500220] cloud-init[947]: SHA256:KFUQo2jNgNyHoDXpLdIou0DkXUZNH2BvtLAsxXOMqeE root@ubuntu-xenial
[   12.502429] cloud-init[947]: The key's randomart image is:
[   12.503975] cloud-init[947]: +---[RSA 2048]----+
[   12.505297] cloud-init[947]: |.o*.o.BO*o       |
[   12.506450] cloud-init[947]: |o+.O *+O*oo      |
[   12.507975] cloud-init[947]: |+++.O.+oo=       |
[   12.509308] cloud-init[947]: |+++..E...        |
[   12.510685] cloud-init[947]: |oo .. . S        |
[   12.512066] cloud-init[947]: |o    .           |
[   12.513336] cloud-init[947]: |..               |
[   12.514520] cloud-init[947]: |.                |
[   12.515741] cloud-init[947]: |                 |
[   12.516976] cloud-init[947]: +----[SHA256]-----+
[   12.518072] cloud-init[947]: Generating public/private dsa key pair.
[   12.519592] cloud-init[947]: Your identification has been saved in /etc/ssh/ssh_host_dsa_key.
[   12.521539] cloud-init[947]: Your public key has been saved in /etc/ssh/ssh_host_dsa_key.pub.
[   12.523709] cloud-init[947]: The key fingerprint is:
[   12.525033] cloud-init[947]: SHA256:kkgeubbr3ptMqOdv3bXns0YirExB6HQIiIHiCXiZ8pQ root@ubuntu-xenial
[   12.532691] cloud-init[947]: The key's randomart image is:
[   12.533177] cloud-init[947]: +---[DSA 1024]----+
[   12.533680] cloud-init[947]: |+o =.. o         |
[   12.534228] cloud-init[947]: |B E  .+ o        |
[   12.534974] cloud-init[947]: |+=. +o o         |
[   12.535597] cloud-init[947]: | o.o +...        |
[   12.536240] cloud-init[947]: |    = o So       |
[   12.536758] cloud-init[947]: |   . o .. o o .  |
[   12.537325] cloud-init[947]: |    o .+ o o +   |
[   12.537719] cloud-init[947]: |   ..=..+ . . +  |
[   12.538309] cloud-init[947]: |  .==o*.     +oo |
[   12.538924] cloud-init[947]: +----[SHA256]-----+
[   12.539465] cloud-init[947]: Generating public/private ecdsa key pair.
[   12.540093] cloud-init[947]: Your identification has been saved in /etc/ssh/ssh_host_ecdsa_key.
[   12.540270] cloud-init[947]: Your public key has been saved in /etc/ssh/ssh_host_ecdsa_key.pub.
[   12.540764] cloud-init[947]: The key fingerprint is:
[   12.541310] cloud-init[947]: SHA256:Gz+MO/vCReoDN4PcHL+/RJrXWX9kvxvsB+lTgrMJEMw root@ubuntu-xenial
[   12.541682] cloud-init[947]: The key's randomart image is:
[   12.542207] cloud-init[947]: +---[ECDSA 256]---+
[   12.542679] cloud-init[947]: |       o         |
[   12.543193] cloud-init[947]: |        E        |
[   12.543517] cloud-init[947]: |         .       |
[   12.543998] cloud-init[947]: |        o .      |
[   12.544501] cloud-init[947]: |     . +S*  .. .+|
[   12.545329] cloud-init[947]: |      + B*++o.==+|
[   12.545907] cloud-init[947]: |       =o+*oo=o*+|
[   12.546316] cloud-init[947]: |        *..+o + =|
[   12.547163] cloud-init[947]: |        o*..o. =o|
[   12.547812] cloud-init[947]: +----[SHA256]-----+
[   12.548695] cloud-init[947]: Generating public/private ed25519 key pair.
[   12.549285] cloud-init[947]: Your identification has been saved in /etc/ssh/ssh_host_ed25519_key.
[   12.549893] cloud-init[947]: Your public key has been saved in /etc/ssh/ssh_host_ed25519_key.pub.
[   12.550050] cloud-init[947]: The key fingerprint is:
[   12.550358] cloud-init[947]: SHA256:EVrdMWT+/RiNzONBz+FNRQXf1XNk8iE33z5ZKMAQT1g root@ubuntu-xenial
[[0;32m  OK  [0m] Started Initial cloud-init job (metadata service crawler).
[   12.550675] cloud-init[947]: The key's randomart image is:
[   12.551196] cloud-init[947]: +--[ED25519 256]--+
[   12.551530] cloud-init[947]: |        =BEo=ooBX|
[   12.552320] cloud-init[947]: |       o.+o+..oB@|
[   12.552934] cloud-init[947]: |      . . . o o.@|
[   12.553543] cloud-init[947]: |         .   *.O=|
[   12.554100] cloud-init[947]: |        S     O+B|
[   12.554680] cloud-init[947]: |             . =o|
[   12.554990] cloud-init[947]: |              o .|
[   12.555308] cloud-init[947]: |                 |
[   12.555971] cloud-init[947]: |                 |
[   12.556221] cloud-init[947]: +----[SHA256]-----+
[[0;32m  OK  [0m] Reached target Cloud-config availability.
[[0;32m  OK  [0m] Reached target Network is Online.
         Starting iSCSI initiator daemon (iscsid)...
[[0;32m  OK  [0m] Reached target System Initialization.
[[0;32m  OK  [0m] Listening on ACPID Listen Socket.
         Starting Socket activation for snappy daemon.
[[0;32m  OK  [0m] Started Daily Cleanup of Temporary Directories.
[[0;32m  OK  [0m] Listening on UUID daemon activation socket.
[[0;32m  OK  [0m] Started ACPI Events Check.
[[0;32m  OK  [0m] Reached target Paths.
         Starting LXD - unix socket.
[[0;32m  OK  [0m] Listening on D-Bus System Message Bus Socket.
[[0;32m  OK  [0m] Started Daily apt download activities.
[[0;32m  OK  [0m] Started Daily apt upgrade and clean activities.
[[0;32m  OK  [0m] Reached target Timers.
[[0;32m  OK  [0m] Listening on Socket activation for snappy daemon.
[[0;32m  OK  [0m] Listening on LXD - unix socket.
[[0;32m  OK  [0m] Started iSCSI initiator daemon (iscsid).
         Starting Login to default iSCSI targets...
[[0;32m  OK  [0m] Reached target Sockets.
[[0;32m  OK  [0m] Reached target Basic System.
         Starting LSB: MD monitoring daemon...
         Starting LSB: Record successful boot for GRUB...
[[0;32m  OK  [0m] Started FUSE filesystem for LXC.
[[0;32m  OK  [0m] Started ACPI event daemon.
         Starting System Logging Service...
[[0;32m  OK  [0m] Started Regular background program processing daemon.
[[0;32m  OK  [0m] Started Deferred execution scheduler.
[[0;32m  OK  [0m] Started Unattended Upgrades Shutdown.
         Starting /etc/rc.local Compatibility...
         Starting Accounts Service...
         Starting Pollinate to seed the pseudo random number generator...
         Starting Virtualbox guest utils...
         Starting LXD - container startup/shutdown...
         Starting Login Service...
[[0;32m  OK  [0m] Started D-Bus System Message Bus.
         Starting Snappy daemon...
[[0;32m  OK  [0m] Started System Logging Service.
[[0;32m  OK  [0m] Started /etc/rc.local Compatibility.
[[0;32m  OK  [0m] Started Login to default iSCSI targets.
[[0;32m  OK  [0m] Started LSB: Record successful boot for GRUB.
[[0;32m  OK  [0m] Started LSB: MD monitoring daemon.
[[0;32m  OK  [0m] Started LXD - container startup/shutdown.
[[0;32m  OK  [0m] Started Login Service.
         Starting Authenticate and Authorize Users to Run Privileged Tasks...
[[0;32m  OK  [0m] Reached target Remote File Systems (Pre).
[[0;32m  OK  [0m] Reached target Remote File Systems.
         Starting LSB: automatic crash report generation...
         Starting Permit User Sessions...
         Starting LSB: daemon to balance interrupts for SMP systems...
         Starting LSB: Set the CPU Frequency Scaling governor to "ondemand"...
[[0;32m  OK  [0m] Started Permit User Sessions.
         Starting Hold until boot process finishes up...
         Starting Terminate Plymouth Boot Screen...
[[0;32m  OK  [0m] Started LSB: Set the CPU Frequency Scaling governor to "ondemand".
[[0;32m  OK  [0m] Started Hold until boot process finishes up.
[[0;32m  OK  [0m] Started Authenticate and Authorize Users to Run Privileged Tasks.
[[0;32m  OK  [0m] Started Terminate Plymouth Boot Screen.
[[0;32m  OK  [0m] Started Virtualbox guest utils.
[[0;32m  OK  [0m] Started Accounts Service.
         Starting Set console scheme...
[[0;32m  OK  [0m] Started Getty on tty1.
[[0;32m  OK  [0m] Started Serial Getty on ttyS0.
[[0;32m  OK  [0m] Reached target Login Prompts.
[[0;32m  OK  [0m] Started Pollinate to seed the pseudo random number generator.
[[0;32m  OK  [0m] Started LSB: automatic crash report generation.
[[0;32m  OK  [0m] Started Set console scheme.
         Starting OpenBSD Secure Shell server...
[[0;32m  OK  [0m] Started LSB: daemon to balance interrupts for SMP systems.
[[0;32m  OK  [0m] Started OpenBSD Secure Shell server.
[[0;32m  OK  [0m] Started Snappy daemon.
         Starting Wait until snapd is fully seeded...
[[0;32m  OK  [0m] Started Wait until snapd is fully seeded.
[[0;32m  OK  [0m] Reached target Multi-User System.
[[0;32m  OK  [0m] Reached target Graphical Interface.
         Starting Update UTMP about System Runlevel Changes...
         Starting Apply the settings specified in cloud-config...
[[0;32m  OK  [0m] Started Update UTMP about System Runlevel Changes.
[   14.544200] cloud-init[1277]: Generating locales (this might take a while)...
[[0;32m  OK  [0m] Created slice User Slice of vagrant.
         Starting User Manager for UID 1000...
[[0;32m  OK  [0m] Started Session 1 of user vagrant.
[[0;32m  OK  [0m] Started User Manager for UID 1000.
[   17.355376] cloud-init[1277]:   en_US.UTF-8... done
[   17.356481] cloud-init[1277]: Generation complete.
[   17.864805] cloud-init[1277]: Cloud-init v. 18.4-0ubuntu1~16.04.2 running 'modules:config' at Mon, 28 Jan 2019 14:07:57 +0000. Up 14.44 seconds.
[[0;32m  OK  [0m] Started Apply the settings specified in cloud-config.
         Starting Execute cloud user/final scripts...
ci-info: no authorized ssh keys fingerprints found for user ubuntu.
<14>Jan 28 14:08:02 ec2: 
<14>Jan 28 14:08:02 ec2: #############################################################
<14>Jan 28 14:08:02 ec2: -----BEGIN SSH HOST KEY FINGERPRINTS-----
<14>Jan 28 14:08:02 ec2: 1024 SHA256:kkgeubbr3ptMqOdv3bXns0YirExB6HQIiIHiCXiZ8pQ root@ubuntu-xenial (DSA)
<14>Jan 28 14:08:02 ec2: 256 SHA256:Gz+MO/vCReoDN4PcHL+/RJrXWX9kvxvsB+lTgrMJEMw root@ubuntu-xenial (ECDSA)
<14>Jan 28 14:08:02 ec2: 256 SHA256:EVrdMWT+/RiNzONBz+FNRQXf1XNk8iE33z5ZKMAQT1g root@ubuntu-xenial (ED25519)
<14>Jan 28 14:08:02 ec2: 2048 SHA256:KFUQo2jNgNyHoDXpLdIou0DkXUZNH2BvtLAsxXOMqeE root@ubuntu-xenial (RSA)
<14>Jan 28 14:08:02 ec2: -----END SSH HOST KEY FINGERPRINTS-----
<14>Jan 28 14:08:02 ec2: #############################################################
-----BEGIN SSH HOST KEY KEYS-----
ecdsa-sha2-nistp256 AAAAE2VjZHNhLXNoYTItbmlzdHAyNTYAAAAIbmlzdHAyNTYAAABBBH9friZ1AKJG/g8IVrj8lsXcqEc86d8bTpTwzuiXBnJmAXFiVXoOh7dW5LcF5mDTVrR4afMyjUM+6OE0TrSexAI= root@ubuntu-xenial
ssh-ed25519 AAAAC3NzaC1lZDI1NTE5AAAAID/mNqi50Q2pKzdYNFITt6fEb17ySvaCMrTmQxM6lSxq root@ubuntu-xenial
ssh-rsa AAAAB3NzaC1yc2EAAAADAQABAAABAQDYer7VRGGFZfqv/4zrVuPwzreM/ax2RsrMjNbb3lCDB2nhJY1e4AXHEYKUeQgWrIoHPAbZVDwTAZCkJUWofh+V5hWUOsIwNvwMvh+GOaVKUq4il6yZCDppKwIwj4ZYkWWK9EGSS8WGM9xf8SaEdijMojTvH5tzanSilwP8v7STFtLo3Lwz1YDqXv8F/xD5cPPslGh1WfajdWEKXWgsQhPiujDCcUPDt/J69hQDvGyEDF6viyjzDOlLcTvTyj1Kmettea2BAVDoHLR2ZpLWdbB66GRHS5aDDgAbK+nu6SBoz6q93cy/aV2MsWqzsYaFwBRbTDGkuwTYZ3X/XSoEJB/F root@ubuntu-xenial
-----END SSH HOST KEY KEYS-----
[   18.607003] cloud-init[1442]: Cloud-init v. 18.4-0ubuntu1~16.04.2 running 'modules:final' at Mon, 28 Jan 2019 14:08:01 +0000. Up 18.39 seconds.
[   18.609320] cloud-init[1442]: ci-info: no authorized ssh keys fingerprints found for user ubuntu.
[   18.611077] cloud-init[1442]: Cloud-init v. 18.4-0ubuntu1~16.04.2 finished at Mon, 28 Jan 2019 14:08:02 +0000. Datasource DataSourceNoCloud [seed=/dev/sdb][dsmode=net].  Up 18.59 seconds

Ubuntu 16.04.5 LTS ubuntu-xenial ttyS0

ubuntu-xenial login: 