[    0.000000] Initializing cgroup subsys cpuset
[    0.000000] Initializing cgroup subsys cpu
[    0.000000] Initializing cgroup subsys cpuacct
[    0.000000] Linux version 4.4.0-141-generic (buildd@lcy01-amd64-006) (gcc version 5.4.0 20160609 (Ubuntu 5.4.0-6ubuntu1~16.04.10) ) #167-Ubuntu SMP Wed Dec 5 10:40:15 UTC 2018 (Ubuntu 4.4.0-141.167-generic 4.4.162)
[    0.000000] Command line: BOOT_IMAGE=/boot/vmlinuz-4.4.0-141-generic root=LABEL=cloudimg-rootfs ro console=tty1 console=ttyS0
[    0.000000] KERNEL supported cpus:
[    0.000000]   Intel GenuineIntel
[    0.000000]   AMD AuthenticAMD
[    0.000000]   Centaur CentaurHauls
[    0.000000] x86/fpu: xstate_offset[2]:  576, xstate_sizes[2]:  256
[    0.000000] x86/fpu: Supporting XSAVE feature 0x01: 'x87 floating point registers'
[    0.000000] x86/fpu: Supporting XSAVE feature 0x02: 'SSE registers'
[    0.000000] x86/fpu: Supporting XSAVE feature 0x04: 'AVX registers'
[    0.000000] x86/fpu: Enabled xstate features 0x7, context size is 832 bytes, using 'standard' format.
[    0.000000] e820: BIOS-provided physical RAM map:
[    0.000000] BIOS-e820: [mem 0x0000000000000000-0x000000000009fbff] usable
[    0.000000] BIOS-e820: [mem 0x000000000009fc00-0x000000000009ffff] reserved
[    0.000000] BIOS-e820: [mem 0x00000000000f0000-0x00000000000fffff] reserved
[    0.000000] BIOS-e820: [mem 0x0000000000100000-0x000000003ffeffff] usable
[    0.000000] BIOS-e820: [mem 0x000000003fff0000-0x000000003fffffff] ACPI data
[    0.000000] BIOS-e820: [mem 0x00000000fec00000-0x00000000fec00fff] reserved
[    0.000000] BIOS-e820: [mem 0x00000000fee00000-0x00000000fee00fff] reserved
[    0.000000] BIOS-e820: [mem 0x00000000fffc0000-0x00000000ffffffff] reserved
[    0.000000] NX (Execute Disable) protection: active
[    0.000000] SMBIOS 2.5 present.
[    0.000000] Hypervisor detected: KVM
[    0.000000] e820: last_pfn = 0x3fff0 max_arch_pfn = 0x400000000
[    0.000000] MTRR: Disabled
[    0.000000] x86/PAT: MTRRs disabled, skipping PAT initialization too.
[    0.000000] CPU MTRRs all blank - virtualized system.
[    0.000000] x86/PAT: Configuration [0-7]: WB  WT  UC- UC  WB  WT  UC- UC  
[    0.000000] found SMP MP-table at [mem 0x0009fff0-0x0009ffff] mapped at [ffff88000009fff0]
[    0.000000] Scanning 1 areas for low memory corruption
[    0.000000] RAMDISK: [mem 0x36304000-0x37179fff]
[    0.000000] ACPI: Early table checksum verification disabled
[    0.000000] ACPI: RSDP 0x00000000000E0000 000024 (v02 VBOX  )
[    0.000000] ACPI: XSDT 0x000000003FFF0030 00003C (v01 VBOX   VBOXXSDT 00000001 ASL  00000061)
[    0.000000] ACPI: FACP 0x000000003FFF00F0 0000F4 (v04 VBOX   VBOXFACP 00000001 ASL  00000061)
[    0.000000] ACPI: DSDT 0x000000003FFF0470 0022EA (v02 VBOX   VBOXBIOS 00000002 INTL 20100528)
[    0.000000] ACPI: FACS 0x000000003FFF0200 000040
[    0.000000] ACPI: FACS 0x000000003FFF0200 000040
[    0.000000] ACPI: APIC 0x000000003FFF0240 00005C (v02 VBOX   VBOXAPIC 00000001 ASL  00000061)
[    0.000000] ACPI: SSDT 0x000000003FFF02A0 0001CC (v01 VBOX   VBOXCPUT 00000002 INTL 20100528)
[    0.000000] No NUMA configuration found
[    0.000000] Faking a node at [mem 0x0000000000000000-0x000000003ffeffff]
[    0.000000] NODE_DATA(0) allocated [mem 0x3ffeb000-0x3ffeffff]
[    0.000000] kvm-clock: Using msrs 4b564d01 and 4b564d00
[    0.000000] kvm-clock: cpu 0, msr 0:3ffe3001, primary cpu clock
[    0.000000] kvm-clock: using sched offset of 3511224294 cycles
[    0.000000] clocksource: kvm-clock: mask: 0xffffffffffffffff max_cycles: 0x1cd42e4dffb, max_idle_ns: 881590591483 ns
[    0.000000] Zone ranges:
[    0.000000]   DMA      [mem 0x0000000000001000-0x0000000000ffffff]
[    0.000000]   DMA32    [mem 0x0000000001000000-0x000000003ffeffff]
[    0.000000]   Normal   empty
[    0.000000]   Device   empty
[    0.000000] Movable zone start for each node
[    0.000000] Early memory node ranges
[    0.000000]   node   0: [mem 0x0000000000001000-0x000000000009efff]
[    0.000000]   node   0: [mem 0x0000000000100000-0x000000003ffeffff]
[    0.000000] Initmem setup node 0 [mem 0x0000000000001000-0x000000003ffeffff]
[    0.000000] ACPI: PM-Timer IO Port: 0x4008
[    0.000000] IOAPIC[0]: apic_id 2, version 32, address 0xfec00000, GSI 0-23
[    0.000000] ACPI: INT_SRC_OVR (bus 0 bus_irq 0 global_irq 2 dfl dfl)
[    0.000000] ACPI: INT_SRC_OVR (bus 0 bus_irq 9 global_irq 9 low level)
[    0.000000] Using ACPI (MADT) for SMP configuration information
[    0.000000] smpboot: Allowing 2 CPUs, 0 hotplug CPUs
[    0.000000] PM: Registered nosave memory: [mem 0x00000000-0x00000fff]
[    0.000000] PM: Registered nosave memory: [mem 0x0009f000-0x0009ffff]
[    0.000000] PM: Registered nosave memory: [mem 0x000a0000-0x000effff]
[    0.000000] PM: Registered nosave memory: [mem 0x000f0000-0x000fffff]
[    0.000000] e820: [mem 0x40000000-0xfebfffff] available for PCI devices
[    0.000000] Booting paravirtualized kernel on KVM
[    0.000000] clocksource: refined-jiffies: mask: 0xffffffff max_cycles: 0xffffffff, max_idle_ns: 7645519600211568 ns
[    0.000000] setup_percpu: NR_CPUS:512 nr_cpumask_bits:512 nr_cpu_ids:2 nr_node_ids:1
[    0.000000] PERCPU: Embedded 34 pages/cpu @ffff88003fc00000 s99608 r8192 d31464 u1048576
[    0.000000] PV qspinlock hash table entries: 256 (order: 0, 4096 bytes)
[    0.000000] Built 1 zonelists in Node order, mobility grouping on.  Total pages: 257912
[    0.000000] Policy zone: DMA32
[    0.000000] Kernel command line: BOOT_IMAGE=/boot/vmlinuz-4.4.0-141-generic root=LABEL=cloudimg-rootfs ro console=tty1 console=ttyS0
[    0.000000] PID hash table entries: 4096 (order: 3, 32768 bytes)
[    0.000000] Memory: 997696K/1048120K available (8568K kernel code, 1314K rwdata, 4008K rodata, 1528K init, 1316K bss, 50424K reserved, 0K cma-reserved)
[    0.000000] SLUB: HWalign=64, Order=0-3, MinObjects=0, CPUs=2, Nodes=1
[    0.000000] Kernel/User page tables isolation: enabled
[    0.000000] Hierarchical RCU implementation.
[    0.000000] 	Build-time adjustment of leaf fanout to 64.
[    0.000000] 	RCU restricting CPUs from NR_CPUS=512 to nr_cpu_ids=2.
[    0.000000] RCU: Adjusting geometry for rcu_fanout_leaf=64, nr_cpu_ids=2
[    0.000000] NR_IRQS:33024 nr_irqs:440 16
[    0.000000] Console: colour VGA+ 80x25
[    0.000000] console [tty1] enabled
[    0.000000] console [ttyS0] enabled
[    0.000000] tsc: Detected 2711.998 MHz processor
[    0.183837] Calibrating delay loop (skipped) preset value.. 5423.99 BogoMIPS (lpj=10847992)
[    0.185918] pid_max: default: 32768 minimum: 301
[    0.187034] ACPI: Core revision 20150930
[    0.190125] ACPI: 2 ACPI AML tables successfully acquired and loaded
[    0.191715] Security Framework initialized
[    0.192740] Yama: becoming mindful.
[    0.193678] AppArmor: AppArmor initialized
[    0.194788] Dentry cache hash table entries: 131072 (order: 8, 1048576 bytes)
[    0.197256] Inode-cache hash table entries: 65536 (order: 7, 524288 bytes)
[    0.198832] Mount-cache hash table entries: 2048 (order: 2, 16384 bytes)
[    0.200369] Mountpoint-cache hash table entries: 2048 (order: 2, 16384 bytes)
[    0.202110] Initializing cgroup subsys io
[    0.203178] Initializing cgroup subsys memory
[    0.204317] Initializing cgroup subsys devices
[    0.205437] Initializing cgroup subsys freezer
[    0.206557] Initializing cgroup subsys net_cls
[    0.207681] Initializing cgroup subsys perf_event
[    0.208867] Initializing cgroup subsys net_prio
[    0.210066] Initializing cgroup subsys hugetlb
[    0.211236] Initializing cgroup subsys pids
[    0.214107] mce: CPU supports 0 MCE banks
[    0.215238] Last level iTLB entries: 4KB 64, 2MB 8, 4MB 8
[    0.216573] Last level dTLB entries: 4KB 64, 2MB 0, 4MB 0, 1GB 4
[    0.217953] Spectre V2 : Mitigation: Full generic retpoline
[    0.219294] Spectre V2 : Spectre v2 mitigation: Speculation control IBPB not-supported IBRS not-supported
[    0.221286] Spectre V2 : Spectre v2 / SpectreRSB mitigation: Filling RSB on context switch
[    0.223774] Speculative Store Bypass: Vulnerable
[    0.228390] Freeing SMP alternatives memory: 32K
[    0.240375] ftrace: allocating 32291 entries in 127 pages
[    0.317210] smpboot: APIC(0) Converting physical 0 to logical package 0
[    0.318771] smpboot: Max logical packages: 1
[    0.320337] x2apic enabled
[    0.321527] Switched APIC routing to physical x2apic.
[    0.324298] ..TIMER: vector=0x30 apic1=0 pin1=2 apic2=-1 pin2=-1
[    0.431315] smpboot: CPU0: Intel(R) Core(TM) i5-7200U CPU @ 2.50GHz (family: 0x6, model: 0x8e, stepping: 0x9)
[    0.434067] Performance Events: unsupported p6 CPU model 142 no PMU driver, software events only.
[    0.436677] KVM setup paravirtual spinlock
[    0.438483] x86: Booting SMP configuration:
[    0.439660] .... node  #0, CPUs:      #1
[    0.440818] kvm-clock: cpu 1, msr 0:3ffe3041, secondary cpu clock
[    0.443413] mce: CPU supports 0 MCE banks
[    0.445997] x86: Booted up 1 node, 2 CPUs
[    0.447358] smpboot: Total of 2 processors activated (10847.99 BogoMIPS)
[    0.449642] devtmpfs: initialized
[    0.452221] evm: security.selinux
[    0.453193] evm: security.SMACK64
[    0.454153] evm: security.SMACK64EXEC
[    0.455166] evm: security.SMACK64TRANSMUTE
[    0.456306] evm: security.SMACK64MMAP
[    0.457320] evm: security.ima
[    0.458197] evm: security.capability
[    0.459600] clocksource: jiffies: mask: 0xffffffff max_cycles: 0xffffffff, max_idle_ns: 7645041785100000 ns
[    0.461942] futex hash table entries: 512 (order: 3, 32768 bytes)
[    0.463530] pinctrl core: initialized pinctrl subsystem
[    0.464910] RTC time: 12:13:18, date: 02/27/19
[    0.466245] NET: Registered protocol family 16
[    0.481913] cpuidle: using governor ladder
[    0.493378] cpuidle: using governor menu
[    0.494610] PCCT header not found.
[    0.495665] ACPI: bus type PCI registered
[    0.496751] acpiphp: ACPI Hot Plug PCI Controller Driver version: 0.5
[    0.498424] PCI: Using configuration type 1 for base access
[    0.513868] ACPI: Added _OSI(Module Device)
[    0.515040] ACPI: Added _OSI(Processor Device)
[    0.516538] ACPI: Added _OSI(3.0 _SCP Extensions)
[    0.519202] ACPI: Added _OSI(Processor Aggregator Device)
[    0.524036] ACPI: Executed 1 blocks of module-level executable AML code
[    0.533627] ACPI: Interpreter enabled
[    0.535958] ACPI: (supports S0 S5)
[    0.538018] ACPI: Using IOAPIC for interrupt routing
[    0.541311] PCI: Using host bridge windows from ACPI; if necessary, use "pci=nocrs" and report a bug
[    0.551065] ACPI: PCI Root Bridge [PCI0] (domain 0000 [bus 00-ff])
[    0.552591] acpi PNP0A03:00: _OSC: OS supports [ASPM ClockPM Segments MSI]
[    0.554534] acpi PNP0A03:00: _OSC: not requesting OS control; OS requires [ExtendedConfig ASPM ClockPM MSI]
[    0.557073] acpi PNP0A03:00: fail to add MMCONFIG information, can't access extended PCI configuration space under this bridge.
[    0.560141] PCI host bridge to bus 0000:00
[    0.561259] pci_bus 0000:00: root bus resource [io  0x0000-0x0cf7 window]
[    0.562891] pci_bus 0000:00: root bus resource [io  0x0d00-0xffff window]
[    0.564506] pci_bus 0000:00: root bus resource [mem 0x000a0000-0x000bffff window]
[    0.566484] pci_bus 0000:00: root bus resource [mem 0x40000000-0xfdffffff window]
[    0.568551] pci_bus 0000:00: root bus resource [bus 00-ff]
[    0.572029] pci 0000:00:01.1: legacy IDE quirk: reg 0x10: [io  0x01f0-0x01f7]
[    0.573784] pci 0000:00:01.1: legacy IDE quirk: reg 0x14: [io  0x03f6]
[    0.575497] pci 0000:00:01.1: legacy IDE quirk: reg 0x18: [io  0x0170-0x0177]
[    0.577140] pci 0000:00:01.1: legacy IDE quirk: reg 0x1c: [io  0x0376]
[    0.613857] pci 0000:00:07.0: quirk: [io  0x4000-0x403f] claimed by PIIX4 ACPI
[    0.615963] pci 0000:00:07.0: quirk: [io  0x4100-0x410f] claimed by PIIX4 SMB
[    0.631839] ACPI: PCI Interrupt Link [LNKA] (IRQs 5 9 10 *11)
[    0.634058] ACPI: PCI Interrupt Link [LNKB] (IRQs 5 9 *10 11)
[    0.637307] ACPI: PCI Interrupt Link [LNKC] (IRQs 5 *9 10 11)
[    0.639486] ACPI: PCI Interrupt Link [LNKD] (IRQs 5 9 10 *11)
[    0.641617] ACPI: Enabled 2 GPEs in block 00 to 07
[    0.643328] vgaarb: setting as boot device: PCI:0000:00:02.0
[    0.644734] vgaarb: device added: PCI:0000:00:02.0,decodes=io+mem,owns=io+mem,locks=none
[    0.646878] vgaarb: loaded
[    0.647738] vgaarb: bridge control possible 0000:00:02.0
[    0.649317] SCSI subsystem initialized
[    0.650585] ACPI: bus type USB registered
[    0.651672] usbcore: registered new interface driver usbfs
[    0.653036] usbcore: registered new interface driver hub
[    0.654419] usbcore: registered new device driver usb
[    0.658467] PCI: Using ACPI for IRQ routing
[    0.659940] NetLabel: Initializing
[    0.660916] NetLabel:  domain hash size = 128
[    0.662056] NetLabel:  protocols = UNLABELED CIPSOv4
[    0.663279] NetLabel:  unlabeled traffic allowed by default
[    0.664968] amd_nb: Cannot enumerate AMD northbridges
[    0.666593] clocksource: Switched to clocksource kvm-clock
[    0.677935] AppArmor: AppArmor Filesystem Enabled
[    0.679947] pnp: PnP ACPI init
[    0.681757] pnp: PnP ACPI: found 3 devices
[    0.693383] clocksource: acpi_pm: mask: 0xffffff max_cycles: 0xffffff, max_idle_ns: 2085701024 ns
[    0.696429] NET: Registered protocol family 2
[    0.697783] TCP established hash table entries: 8192 (order: 4, 65536 bytes)
[    0.699457] TCP bind hash table entries: 8192 (order: 5, 131072 bytes)
[    0.701062] TCP: Hash tables configured (established 8192 bind 8192)
[    0.702590] UDP hash table entries: 512 (order: 2, 16384 bytes)
[    0.704046] UDP-Lite hash table entries: 512 (order: 2, 16384 bytes)
[    0.705578] NET: Registered protocol family 1
[    0.706753] pci 0000:00:00.0: Limiting direct PCI/PCI transfers
[    0.708217] pci 0000:00:01.0: Activating ISA DMA hang workarounds
[    0.709796] Unpacking initramfs...
[    0.924090] Freeing initrd memory: 14808K
[    0.925410] platform rtc_cmos: registered platform RTC device (no PNP device found)
[    0.927627] Scanning for low memory corruption every 60 seconds
[    0.929546] audit: initializing netlink subsys (disabled)
[    0.931021] audit: type=2000 audit(1551269604.634:1): initialized
[    0.932779] Initialise system trusted keyring
[    0.934238] HugeTLB registered 2 MB page size, pre-allocated 0 pages
[    0.937243] zbud: loaded
[    0.938477] VFS: Disk quotas dquot_6.6.0
[    0.939652] VFS: Dquot-cache hash table entries: 512 (order 0, 4096 bytes)
[    0.941513] squashfs: version 4.0 (2009/01/31) Phillip Lougher
[    0.943284] fuse init (API version 7.23)
[    0.944489] Key type big_key registered
[    0.945558] Allocating IMA MOK and blacklist keyrings.
[    0.949259] Key type asymmetric registered
[    0.950347] Asymmetric key parser 'x509' registered
[    0.951691] Block layer SCSI generic (bsg) driver version 0.4 loaded (major 249)
[    0.953807] io scheduler noop registered
[    0.954890] io scheduler deadline registered (default)
[    0.956292] io scheduler cfq registered
[    0.957446] pci_hotplug: PCI Hot Plug PCI Core version: 0.5
[    0.958842] pciehp: PCI Express Hot Plug Controller Driver version: 0.4
[    0.960588] ACPI: AC Adapter [AC] (on-line)
[    0.961843] input: Power Button as /devices/LNXSYSTM:00/LNXPWRBN:00/input/input0
[    0.963910] ACPI: Power Button [PWRF]
[    0.965037] input: Sleep Button as /devices/LNXSYSTM:00/LNXSLPBN:00/input/input1
[    0.967067] ACPI: Sleep Button [SLPF]
[    0.968446] GHES: HEST is not enabled!
[    0.970307] ACPI: Battery Slot [BAT0] (battery present)
[    0.971841] Serial: 8250/16550 driver, 32 ports, IRQ sharing enabled

 !"#$%&'()*+,-./0123456789:;<=>?@ABCDEFGHIJKLMNOPQRSTUVWXYZ[\]^_`abcdefghijklmnopqrstuvwxyz{|}~ÄÅÇÉÑÖÜáàâäãåçéèêëíìîïñóòô®©™´¨≠ÆØ∞±≤≥¥µ∂∑∏π∫ªºΩæø¿¡¬√ƒ≈∆«»… ÀÃÕŒœ–—“”‘’÷◊ÿŸ⁄€‹›ﬁﬂ‡·‚„‰ÂÊÁËÈÍÎÏÌÓÔÒÚÛÙıˆ˜¯˘˙˚¸˝˛ˇ[    0.995256] 00:02: ttyS0 at I/O 0x3f8 (irq = 4, base_baud = 115200) is a 16550A
[    1.000436] Linux agpgart interface v0.103
[    1.003302] loop: module loaded
[    1.004859] scsi host0: ata_piix
[    1.005890] scsi host1: ata_piix
[    1.006823] ata1: PATA max UDMA/33 cmd 0x1f0 ctl 0x3f6 bmdma 0xd000 irq 14
[    1.008413] ata2: PATA max UDMA/33 cmd 0x170 ctl 0x376 bmdma 0xd008 irq 15
[    1.010027] libphy: Fixed MDIO Bus: probed
[    1.011401] tun: Universal TUN/TAP device driver, 1.6
[    1.012626] tun: (C) 1999-2004 Max Krasnyansky <maxk@qualcomm.com>
[    1.014093] PPP generic driver version 2.4.2
[    1.015301] ehci_hcd: USB 2.0 'Enhanced' Host Controller (EHCI) Driver
[    1.016748] ehci-pci: EHCI PCI platform driver
[    1.017840] ehci-platform: EHCI generic platform driver
[    1.019110] ohci_hcd: USB 1.1 'Open' Host Controller (OHCI) Driver
[    1.020551] ohci-pci: OHCI PCI platform driver
[    1.021672] ohci-platform: OHCI generic platform driver
[    1.022891] uhci_hcd: USB Universal Host Controller Interface driver
[    1.024424] i8042: PNP: PS/2 Controller [PNP0303:PS2K,PNP0f03:PS2M] at 0x60,0x64 irq 1,12
[    1.026986] serio: i8042 KBD port at 0x60,0x64 irq 1
[    1.028167] serio: i8042 AUX port at 0x60,0x64 irq 12
[    1.029538] mousedev: PS/2 mouse device common for all mice
[    1.031497] input: AT Translated Set 2 keyboard as /devices/platform/i8042/serio0/input/input2
[    1.033700] rtc_cmos rtc_cmos: rtc core: registered rtc_cmos as rtc0
[    1.035354] rtc_cmos rtc_cmos: alarms up to one day, 114 bytes nvram
[    1.036769] i2c /dev entries driver
[    1.037741] device-mapper: uevent: version 1.0.3
[    1.038984] device-mapper: ioctl: 4.34.0-ioctl (2015-10-28) initialised: dm-devel@redhat.com
[    1.041055] ledtrig-cpu: registered to indicate activity on CPUs
[    1.042845] NET: Registered protocol family 10
[    1.044106] NET: Registered protocol family 17
[    1.045321] Key type dns_resolver registered
[    1.047020] registered taskstats version 1
[    1.048083] Loading compiled-in X.509 certificates
[    1.049789] Loaded X.509 cert 'Build time autogenerated kernel key: 7c9fb337b82e5a343493fe891c556beae1895c7c'
[    1.053285] zswap: loaded using pool lzo/zbud
[    1.057679] Key type trusted registered
[    1.064224] Key type encrypted registered
[    1.065847] AppArmor: AppArmor sha1 policy hashing enabled
[    1.067975] ima: No TPM chip found, activating TPM-bypass!
[    1.070095] ima: Allocated hash algorithm: sha1
[    1.071980] evm: HMAC attrs: 0x1
[    1.074311]   Magic number: 7:444:229
[    1.076278] rtc_cmos rtc_cmos: setting system clock to 2019-02-27 12:13:19 UTC (1551269599)
[    1.080224] BIOS EDD facility v0.16 2004-Jun-25, 0 devices found
[    1.082806] EDD information not available.
[    1.171759] Freeing unused kernel memory: 1528K
[    1.173092] Write protecting the kernel read-only data: 14336k
[    1.175499] Freeing unused kernel memory: 1660K
[    1.177323] Freeing unused kernel memory: 88K
Loading, please wait...
starting version 229
[    1.193176] random: systemd-udevd: uninitialized urandom read (16 bytes read, 3 bits of entropy available)
[    1.194112] random: udevadm: uninitialized urandom read (16 bytes read, 3 bits of entropy available)
[    1.194162] random: udevadm: uninitialized urandom read (16 bytes read, 3 bits of entropy available)
[    1.199857] random: systemd-udevd: uninitialized urandom read (16 bytes read, 3 bits of entropy available)
[    1.202074] random: systemd-udevd: uninitialized urandom read (16 bytes read, 3 bits of entropy available)
[    1.204438] random: systemd-udevd: uninitialized urandom read (16 bytes read, 3 bits of entropy available)
[    1.205645] random: udevadm: uninitialized urandom read (16 bytes read, 3 bits of entropy available)
[    1.205712] random: udevadm: uninitialized urandom read (16 bytes read, 3 bits of entropy available)
[    1.205860] random: udevadm: uninitialized urandom read (16 bytes read, 3 bits of entropy available)
[    1.205913] random: udevadm: uninitialized urandom read (16 bytes read, 3 bits of entropy available)
[    1.264514] Fusion MPT base driver 3.04.20
[    1.265558] Copyright (c) 1999-2008 LSI Corporation
[    1.268105] e1000: Intel(R) PRO/1000 Network Driver - version 7.3.21-k8-NAPI
[    1.269614] e1000: Copyright (c) 1999-2006 Intel Corporation.
[    1.283925] AVX2 version of gcm_enc/dec engaged.
[    1.285640] AES CTR mode by8 optimization enabled
[    1.291531] Fusion MPT SPI Host driver 3.04.20
[    1.479401] input: ImExPS/2 Generic Explorer Mouse as /devices/platform/i8042/serio1/input/input4
[    1.679474] e1000 0000:00:03.0 eth0: (PCI:33MHz:32-bit) 02:9c:d2:53:c1:d1
[    1.684498] e1000 0000:00:03.0 eth0: Intel(R) PRO/1000 Network Connection
[    1.924038] tsc: Refined TSC clocksource calibration: 2710.309 MHz
[    1.925565] clocksource: tsc: mask: 0xffffffffffffffff max_cycles: 0x271148dd20c, max_idle_ns: 440795258349 ns
[    2.080675] e1000 0000:00:08.0 eth1: (PCI:33MHz:32-bit) 08:00:27:b4:06:78
[    2.082263] e1000 0000:00:08.0 eth1: Intel(R) PRO/1000 Network Connection
[    2.084927] e1000 0000:00:03.0 enp0s3: renamed from eth0
[    2.087069] mptbase: ioc0: Initiating bringup
[    2.104270] e1000 0000:00:08.0 enp0s8: renamed from eth1
[    2.161958] ioc0: LSI53C1030 A0: Capabilities={Initiator}
[    2.938501] scsi host2: ioc0: LSI53C1030 A0, FwRev=00000000h, Ports=1, MaxQ=256, IRQ=20
[    3.227806] scsi 2:0:0:0: Direct-Access     VBOX     HARDDISK         1.0  PQ: 0 ANSI: 5
[    3.235449] scsi target2:0:0: Beginning Domain Validation
[    3.246902] scsi target2:0:0: Domain Validation skipping write tests
[    3.251580] scsi target2:0:0: Ending Domain Validation
[    3.255860] scsi target2:0:0: asynchronous
[    3.261675] scsi 2:0:1:0: Direct-Access     VBOX     HARDDISK         1.0  PQ: 0 ANSI: 5
[    3.302578] scsi target2:0:1: Beginning Domain Validation
[    3.307302] scsi target2:0:1: Domain Validation skipping write tests
[    3.309950] scsi target2:0:1: Ending Domain Validation
[    3.312216] scsi target2:0:1: asynchronous
[    3.320843] sd 2:0:0:0: Attached scsi generic sg0 type 0
[    3.322682] sd 2:0:0:0: [sda] 20971520 512-byte logical blocks: (10.7 GB/10.0 GiB)
[    3.326182] sd 2:0:1:0: [sdb] 20480 512-byte logical blocks: (10.5 MB/10.0 MiB)
[    3.326740] sd 2:0:1:0: Attached scsi generic sg1 type 0
[    3.332632] sd 2:0:0:0: [sda] Write Protect is off
[    3.332990] sd 2:0:1:0: [sdb] Write Protect is off
[    3.333143] sd 2:0:1:0: [sdb] Incomplete mode parameter data
[    3.333145] sd 2:0:1:0: [sdb] Assuming drive cache: write through
[    3.336677] sd 2:0:1:0: [sdb] Attached SCSI disk
[    3.341401] sd 2:0:0:0: [sda] Incomplete mode parameter data
[    3.343523] sd 2:0:0:0: [sda] Assuming drive cache: write through
[    3.347537]  sda: sda1
[    3.349867] sd 2:0:0:0: [sda] Attached SCSI disk
Begin: Loading essential drivers ... [    4.896521] md: linear personality registered for level -1
[    4.900822] md: multipath personality registered for level -4
[    4.904420] md: raid0 personality registered for level 0
[    4.908286] md: raid1 personality registered for level 1
[    4.978986] raid6: sse2x1   gen() 10122 MB/s
[    5.046729] raid6: sse2x1   xor()  7797 MB/s
[    5.114646] raid6: sse2x2   gen() 11771 MB/s
[    5.183009] raid6: sse2x2   xor()  9040 MB/s
[    5.250759] raid6: sse2x4   gen() 13458 MB/s
[    5.319062] raid6: sse2x4   xor()  9376 MB/s
[    5.386927] raid6: avx2x1   gen() 19688 MB/s
[    5.454738] raid6: avx2x2   gen() 22101 MB/s
[    5.523051] raid6: avx2x4   gen() 24769 MB/s
[    5.524600] raid6: using algorithm avx2x4 gen() 24769 MB/s
[    5.526426] raid6: using avx2x2 recovery algorithm
[    5.529848] xor: automatically using best checksumming function:
[    5.570882]    avx       : 20513.000 MB/sec
[    5.573791] async_tx: api initialized (async)
[    5.583796] md: raid6 personality registered for level 6
[    5.585489] md: raid5 personality registered for level 5
[    5.587238] md: raid4 personality registered for level 4
[    5.594575] md: raid10 personality registered for level 10
done.
Begin: Running /scripts/init-premount ... done.
Begin: Mounting root file system ... Begin: Running /scripts/local-top ... done.
Begin: Running /scripts/local-premount ... [    5.635794] Btrfs loaded
Scanning for Btrfs filesystems
done.
Warning: fsck not present, so skipping root file system
[    5.672702] EXT4-fs (sda1): mounted filesystem with ordered data mode. Opts: (null)
done.
Begin: Running /scripts/local-bottom ... done.
Begin: Running /scripts/init-bottom ... done.
[    5.787498] systemd[1]: systemd 229 running in system mode. (+PAM +AUDIT +SELINUX +IMA +APPARMOR +SMACK +SYSVINIT +UTMP +LIBCRYPTSETUP +GCRYPT +GNUTLS +ACL +XZ -LZ4 +SECCOMP +BLKID +ELFUTILS +KMOD -IDN)
[    5.791571] systemd[1]: Detected virtualization oracle.
[    5.792874] systemd[1]: Detected architecture x86-64.

Welcome to [1mUbuntu 16.04.5 LTS[0m!

[    5.797320] systemd[1]: Set hostname to <ubuntu>.
[    5.801012] systemd[1]: Initializing machine ID from random generator.
[    5.802630] systemd[1]: Installed transient /etc/machine-id file.
[    5.938315] systemd[1]: Listening on Syslog Socket.
[[0;32m  OK  [0m] Listening on Syslog Socket.
[    5.947016] systemd[1]: Reached target System Time Synchronized.
[[0;32m  OK  [0m] Reached target System Time Synchronized.
[    5.955178] systemd[1]: Listening on udev Control Socket.
[[0;32m  OK  [0m] Listening on udev Control Socket.
[    5.957667] systemd[1]: Listening on LVM2 poll daemon socket.
[[0;32m  OK  [0m] Listening on LVM2 poll daemon socket.
[    5.959907] systemd[1]: Listening on Journal Socket.
[[0;32m  OK  [0m] Listening on Journal Socket.
[    5.967536] systemd[1]: Set up automount Arbitrary Executable File Formats File System Automount Point.
[[0;32m  OK  [0m] Set up automount Arbitrary Executab...ats File System Automount Point.
[    5.979409] systemd[1]: Started Forward Password Requests to Wall Directory Watch.
[[0;32m  OK  [0m] Started Forward Password Requests to Wall Directory Watch.
[    5.983055] systemd[1]: Created slice System Slice.
[[0;32m  OK  [0m] Created slice System Slice.
[    5.995023] systemd[1]: Starting Create list of required static device nodes for the current kernel...
         Starting Create list of required st... nodes for the current kernel...
[    6.007877] systemd[1]: Created slice system-serial\x2dgetty.slice.
[[0;32m  OK  [0m] Created slice system-serial\x2dgetty.slice.
[    6.012859] systemd[1]: Starting Load Kernel Modules...
         Starting Load Kernel Modules...
[    6.023438] systemd[1]: Starting Uncomplicated firewall...
         Starting Uncomplicated firewall...
[    6.026870] Loading iSCSI transport class v2.0-870.
[    6.027867] systemd[1]: Mounting Debug File System...
         Mounting Debug File System...
[    6.032420] systemd[1]: Listening on Device-mapper event daemon FIFOs.
[[0;32m  OK  [0m] Listening on Device-mapper event daemon FIFOs.
[    6.035071] systemd[1]: Reached target Swap.
[[0;32m  OK  [0m] Reached target Swap.
[    6.037072] systemd[1]: Started Trigger resolvconf update for networkd DNS.
[[0;32m  OK  [0m] Started Trigger resolvconf update for networkd DNS.
[    6.039713] systemd[1]: Listening on Journal Audit Socket.
[    6.041844] iscsi: registered transport (tcp)
[[0;32m  OK  [0m] Listening on Journal Audit Socket.
[    6.058990] systemd[1]: Starting Set console keymap...
         Starting Set console keymap...
[    6.061451] systemd[1]: Listening on udev Kernel Socket.
[[0;32m  OK  [0m] Listening on udev Kernel Socket.
[    6.064702] systemd[1]: Starting Nameserver information manager...
         Starting Nameserver information manager...
[    6.069895] systemd[1]: Reached target Encrypted Volumes.
[[0;32m  OK  [0m] Reached target Encrypted Volumes.
[    6.073958] systemd[1]: Starting Remount Root and Kernel File Systems...
         Starting Remount Root and Kernel File Systems...
[    6.077779] systemd[1]: Created slice User and Session Slice.
[[0;32m  OK  [0m] Created slice User and Session Slice.
[    6.080428] systemd[1]: Reached target Slices.
[[0;32m  OK  [0m] Reached target Slices.
[    6.084572] systemd[1]: Reached target User and Group Name Lookups.
[    6.086301] iscsi: registered transport (iser)
[[0;32m  OK  [0m] Reached target User and Group Name Lookups.
[    6.088480] EXT4-fs (sda1): re-mounted. Opts: (null)
[    6.089865] systemd[1]: Listening on Journal Socket (/dev/log).
[[0;32m  OK  [0m] Listening on Journal Socket (/dev/log).
[    6.092989] systemd[1]: Starting Journal Service...
         Starting Journal Service...
[    6.097381] systemd[1]: Listening on LVM2 metadata daemon socket.
[[0;32m  OK  [0m] Listening on LVM2 metadata daemon socket.
[    6.102197] systemd[1]: Starting Monitoring of LVM2 mirrors, snapshots etc. using dmeventd or progress polling...
         Starting Monitoring of LVM2 mirrors... dmeventd or progress polling...
[    6.108113] systemd[1]: Mounting Huge Pages File System...
         Mounting Huge Pages File System...
[    6.115550] systemd[1]: Mounting POSIX Message Queue File System...
         Mounting POSIX Message Queue File System...
[    6.122878] systemd[1]: Listening on /dev/initctl Compatibility Named Pipe.
[[0;32m  OK  [0m] Listening on /dev/initctl Compatibility Named Pipe.
[    6.127314] systemd[1]: Mounted Debug File System.
[[0;32m  OK  [0m] Mounted Debug File System.
[    6.129470] systemd[1]: Mounted Huge Pages File System.
[[0;32m  OK  [0m] Mounted Huge Pages File System.
[    6.131782] systemd[1]: Mounted POSIX Message Queue File System.
[[0;32m  OK  [0m] Mounted POSIX Message Queue File System.
[    6.135251] systemd[1]: Started Journal Service.
[[0;32m  OK  [0m] Started Journal Service.
[[0;32m  OK  [0m] Started Create list of required sta...ce nodes for the current kernel.
[[0;32m  OK  [0m] Started Load Kernel Modules.
[[0;32m  OK  [0m] Started Uncomplicated firewall.
[[0;32m  OK  [0m] Started Remount Root and Kernel File Systems.
[[0;32m  OK  [0m] Started Nameserver information manager.
[[0;32m  OK  [0m] Started Set console keymap.
[[0;32m  OK  [0m] Started LVM2 metadata daemon.
         Starting Load/Save Random Seed...
         Starting udev Coldplug all Devices...
         Mounting FUSE Control File System...
         Starting Apply Kernel Variables...
         Starting Create Static Device Nodes in /dev...
         Starting Flush Journal to Persistent Storage...
[[0;32m  OK  [0m] Mounted FUSE Control File System.
[[0;32m  OK  [0m] Started Load/Save Random Seed.
[[0;32m  OK  [0m] Started Apply Kernel Variables.
[[0;32m  OK  [0m] Started Create Static Device Nodes in /dev.
[[0;32m  OK  [0m] Started Flush Journal to Persistent Storage.
[[0;32m  OK  [0m] Started udev Coldplug all Devices.
         Starting udev Kernel Device Manager...
[[0;32m  OK  [0m] Started udev Kernel Device Manager.
[[0;32m  OK  [0m] Started Dispatch Password Requests to Console Directory Watch.
[[0;32m  OK  [0m] Found device /dev/ttyS0.
[[0;32m  OK  [0m] Listening on Load/Save RF Kill Switch Status /dev/rfkill Watch.
[[0;32m  OK  [0m] Started Monitoring of LVM2 mirrors,...ng dmeventd or progress polling.
[[0;32m  OK  [0m] Reached target Local File Systems (Pre).
[[0;32m  OK  [0m] Reached target Local File Systems.
         Starting Commit a transient machine-id on disk...
         Starting Set console font and keymap...
         Starting LSB: AppArmor initialization...
         Starting Tell Plymouth To Write Out Runtime Data...
         Starting Create Volatile Files and Directories...
         Starting Initial cloud-init job (pre-networking)...
[[0;32m  OK  [0m] Started Commit a transient machine-id on disk.
[[0;32m  OK  [0m] Started Tell Plymouth To Write Out Runtime Data.
[[0;32m  OK  [0m] Started Create Volatile Files and Directories.
         Starting Update UTMP about System Boot/Shutdown...
[[0;32m  OK  [0m] Started Update UTMP about System Boot/Shutdown.
[[0;32m  OK  [0m] Started Set console font and keymap.
[[0;32m  OK  [0m] Created slice system-getty.slice.
[    8.729030] cloud-init[645]: Cloud-init v. 18.4-0ubuntu1~16.04.2 running 'init-local' at Wed, 27 Feb 2019 12:13:27 +0000. Up 8.24 seconds.
[[0;32m  OK  [0m] Started Initial cloud-init job (pre-networking).
[[0;32m  OK  [0m] Reached target Network (Pre).
[[0;32m  OK  [0m] Started LSB: AppArmor initialization.
         Starting Raise network interfaces...
[[0;32m  OK  [0m] Started Raise network interfaces.
         Starting Initial cloud-init job (metadata service crawler)...
[[0;32m  OK  [0m] Reached target Network.
[   10.469622] cloud-init[939]: Cloud-init v. 18.4-0ubuntu1~16.04.2 running 'init' at Wed, 27 Feb 2019 12:13:28 +0000. Up 9.86 seconds.
[   10.472774] cloud-init[939]: ci-info: ++++++++++++++++++++++++++++++++++++++Net device info+++++++++++++++++++++++++++++++++++++++
[   10.480881] cloud-init[939]: ci-info: +--------+-------+----------------------------+---------------+--------+-------------------+
[   10.483884] cloud-init[939]: ci-info: | Device |   Up  |          Address           |      Mask     | Scope  |     Hw-Address    |
[   10.487066] cloud-init[939]: ci-info: +--------+-------+----------------------------+---------------+--------+-------------------+
[   10.490251] cloud-init[939]: ci-info: | enp0s3 |  True |         10.0.2.15          | 255.255.255.0 | global | 02:9c:d2:53:c1:d1 |
[   10.493403] cloud-init[939]: ci-info: | enp0s3 |  True | fe80::9c:d2ff:fe53:c1d1/64 |       .       |  link  | 02:9c:d2:53:c1:d1 |
[   10.497173] cloud-init[939]: ci-info: | enp0s8 | False |             .              |       .       |   .    | 08:00:27:b4:06:78 |
[   10.500413] cloud-init[939]: ci-info: |   lo   |  True |         127.0.0.1          |   255.0.0.0   |  host  |         .         |
[   10.503589] cloud-init[939]: ci-info: |   lo   |  True |          ::1/128           |       .       |  host  |         .         |
[   10.506793] cloud-init[939]: ci-info: +--------+-------+----------------------------+---------------+--------+-------------------+
[   10.509964] cloud-init[939]: ci-info: +++++++++++++++++++++++++++Route IPv4 info++++++++++++++++++++++++++++
[   10.512764] cloud-init[939]: ci-info: +-------+-------------+----------+---------------+-----------+-------+
[   10.515357] cloud-init[939]: ci-info: | Route | Destination | Gateway  |    Genmask    | Interface | Flags |
[   10.518044] cloud-init[939]: ci-info: +-------+-------------+----------+---------------+-----------+-------+
[   10.520585] [[0;32m  OK  [0m] Started Initial cloud-init job (metadata service crawler).
[[0;32m  OK  [0m] Reached target Cloud-config availability.
[[0;32m  OK  [0m] Reached target Network is Online.
cloud-init[939]: ci-info: |   0   |   0.0.0.0   | 10.0.2.2 |    0.0.0.0    |   enp0s3  |   UG  |
[   10.529083] cloud-init[939]: ci-info: |   1   |   10.0.2.0  | 0.0.0.0  | 255.255.255.0 |   enp0s3  |   U   |
[   10.531267] cloud-init[939]: ci-info: +-------+-------------+----------+---------------+-----------+-------+         Starting iSCSI initiator daemon (iscsid)...
[[0;32m  OK  [0m] Reached target System Initialization.
[[0;32m  OK  [0m] Listening on ACPID Listen Socket.

[   10.535184] cloud-init[939]: ci-info: +++++++++++++++++++Route IPv6 info+++++++++++++++++++
[   10.544471] cloud-init         Starting LXD - unix socket.
[[0;32m  OK  [0m] Started Daily apt download activities.
[[0;32m  OK  [0m] Started Daily apt upgrade and clean activities.
[939]: ci-info: +-------+-------------+---------+-----------+-------+
[   10.548371] cloud-init[939]: ci-info: | Route | Destination | Gateway | Interface | Flags |
[   10.552335]          Starting Socket activation for snappy daemon.
[[0;32m  OK  [0m] Started Daily Cleanup of Temporary Directories.
[[0;32m  OK  [0m] Listening on D-Bus System Message Bus Socket.
[[0;32m  OK  [0m] Reached target Timers.
cloud-init[939]: ci-info: +-------+-------------+---------+-----------+-------+[[0;32m  OK  [0m] Started ACPI Events Check.
[[0;32m  OK  [0m] Reached target Paths.
[[0;32m  OK  [0m] Listening on UUID daemon activation socket.
[[0;32m  OK  [0m] Listening on LXD - unix socket.
[[0;32m  OK  [0m] Listening on Socket activation for snappy daemon.

[   10.559091] cloud-init[939]: ci-info: |   0   |  fe80::/64  |    ::   |   enp0s3  |   U   |
[   10.560808] cloud-init[939]: ci-info: |   3   |   ff00::/8  |    ::   |   enp0s3  |   U   |
[   10.562208] cloud-init[939]: ci-info: +-------+-------------+---------+-----------+-------+
[   10.564962] cloud-init[939]: Generating public/private rsa key pair.
[   10.565923] cloud-init[939]: Your identification has been saved in /etc/ssh/ssh_host_rsa_key.
[   10.567007] cloud-init[939]: Your public key has been saved in /etc/ssh/ssh_host_rsa_key.pub.
[   10.568153] cloud-init[939]: The key fingerprint is:
[   10.577177] cloud-init[939]: SHA256:tTZQkthkD4YP9JtMiMrFZolvzRFAKrjFHu2iO6BqI+0 root@ubuntu-xenial
[   10.578488] cloud-init[939]: The key's randomart image is:
[   10.579698] cloud-init[939]: +---[RSA 2048]----+
[   10.581617] cloud-init[939]: |   .ooo=*..      |
[   10.582819] cloud-init[939]: |.. = o+*o=       |
[   10.584009] cloud-init[939]: |o * O oo+ o      |
[   10.585477] cloud-init[939]: | * O o +.= .     |
[   10.593435] [[0;32m  OK  [0m] Started iSCSI initiator daemon (iscsid).
cloud-init[939]: |. = + o S +      |
[   10.595174] cloud-init[939]: |.. o     . .     |
[   10.596207] cloud-init[939]: |+.               |
[   10.597211] cloud-init[939]: |++.              |
[   10.597999] cloud-init[939]: |*oE              |
[   10.604437] cloud-init[939]: +----[SHA256]-----+
[   10.605517] cloud-init[939]: Generating public/private dsa key pair.
[   10.606928] cloud-init[939]: Your identification has been saved in /etc/ssh/ssh_host_dsa_key.
[   10.608413] cloud-init[939]: Your public key has been saved in /etc/ssh/ssh_host_dsa_key.pub.
[   10.609776] cloud-init[939]: The key fingerprint is:
[   10.610924] cloud-init[939]: SHA256:fl29KryjZlhSl0vqyBw4W0/M6d9LXh/w77n+J8YpOvM root@ubuntu-xenial
[   10.612306] cloud-init[939]: The key's randomart image is:
[   10.613430] cloud-init[939]: +---[DSA 1024]----+
[   10.614354] cloud-init[939]: |                 |
[   10.620840]          Starting Login to default iSCSI targets...
[[0;32m  OK  [0m] Reached target Sockets.
[[0;32m  OK  [0m] Reached target Basic System.
cloud-init[939]: |                 |[[0;32m  OK  [0m] Started Deferred execution scheduler.

[   10.624954]          Starting System Logging Service...
cloud-init[939]: |            .    |         Starting Login Service...

         Starting Accounts Service...
[   10.627442] cloud-init[939]: |         . +   . |
[   10.630911] cloud-init         Starting /etc/rc.local Compatibility...
[939]:          Starting LSB: MD monitoring daemon...
[[0;32m  OK  [0m] Started FUSE filesystem for LXC.
[[0;32m  OK  [0m] Started Regular background program processing daemon.
[[0;32m  OK  [0m] Started D-Bus System Message Bus.
|      . S = ... .|
[   10.654821] cloud-init[939]: |     o = B o .o .|
[   10.655908] cloud-init[939]: |      * % o .o * |
[   10.657431] cloud-init[939]: |     . = Bo+= B *|
[   10.660613] cloud-init[939]: |        o.+BEBo*O|
[   10.661858] cloud-init[939]: +----[SHA256]-----+
[   10.663043] cloud-init[939]: Generating public/private ecdsa key pair.
[   10.665323] cloud-init[939]: Your identification has been saved in /etc/ssh/ssh_host_ecdsa_key.
[   10.672628] cloud-init[939]: Your public key has been saved in /etc/ssh/ssh_host_ecdsa_key.pub.
[   10.674216] cloud-init[939]: The key fingerprint is:
[   10.675106] cloud-init[939]: SHA256:ik9CAwkFT8iHPkXlKgwh6VKGP0d3W9j/h/M5u/Y3uAM root@ubuntu-xenial
[   10.676459] cloud-init[939]: The key's randomart image is:
[   10.678117] cloud-init[939]: +---[ECDSA 256]---+
[   10.679681] cloud-init[939]: |**=...   o       |
[   10.682295] cloud-init[939]: |=Bo+o . o o      |
[   10.688276] cloud-init[939]: |++*. o . o .     |
[   10.689234] cloud-init[939]: |++o.o   .   .    |
[   10.690124] cloud-init[939]: |.o.+o   S    . . |
[   10.691016] cloud-init[939]: |  .. o .   E  + .|
         Starting Pollinate to seed the pseudo random number generator...
[[0;32m  OK  [0m] Started Unattended Upgrades Shutdown.
[   10.691851] cloud-init[939]: |    o o     . .+.|
[[0;32m  OK  [0m] Started ACPI event daemon.
[   10.699925] cloud-init         Starting Virtualbox guest utils...
         Starting LSB: Record successful boot for GRUB...
         Starting Snappy daemon...
         Starting LXD - container startup/shutdown...
[[0;32m  OK  [0m] Started System Logging Service.
[[0;32m  OK  [0m] Started /etc/rc.local Compatibility.
[939]: |     +       o =o|
[   10.714632] cloud-init[939]: |      .      .+oO|
[   10.716953] cloud-init[939]: +----[SHA256]-----+
[   10.718490] cloud-init[939]: Generating public/private ed25519 key pair.
[   10.729468] cloud-init[939]: Your identification has been saved in /etc/ssh/ssh_host_ed25519_key.
[   10.733212] cloud-init[939]: Your public key has been saved in /etc/ssh/ssh_host_ed25519_key.pub.
[   10.736240] cloud-init[939]: The key fingerprint is:
[   10.738860] cloud-init[939]: SHA256:8hp6UskrB9vaETgPKvp53nY1za3uTtDuCwLwFH5WNwU root@ubuntu-xenial
[   10.746489] cloud-init[939]: The key's randomart image is:
[   10.748553] cloud-init[939]: +--[ED25519 256]--+
[   10.760628] cloud-init[939]: |      .   . Eo.  |
[   10.764683] cloud-init[939]: |     . . . . .   |[[0;32m  OK  [0m] Started Login to default iSCSI targets.

[   10.777811] cloud-init[939]: |    . o o        |
[   10.779776] cloud-init[939]: |     = o   .     |
[   10.784897] cloud-init[939]: |    +.=.S .o..   |
[   10.798534] cloud-init[939]: |   ..++=  ooo .  |
[   10.800471] cloud-init[939]: |. .  =+.o...o.   |
[   10.803455] cloud-init[939]: |.. .=+*+.. +.    |
[   10.807210] cloud-init[939]: |..oo+B+.   +*.   |
[   10.810423] cloud-init[939]: +----[SHA256]-----+
[[0;32m  OK  [0m] Started LSB: MD monitoring daemon.
[[0;32m  OK  [0m] Started LSB: Record successful boot for GRUB.
[[0;32m  OK  [0m] Started Login Service.
         Starting Authenticate and Authorize Users to Run Privileged Tasks...
[[0;32m  OK  [0m] Reached target Remote File Systems (Pre).
[[0;32m  OK  [0m] Reached target Remote File Systems.
         Starting LSB: automatic crash report generation...
         Starting LSB: daemon to balance interrupts for SMP systems...
         Starting Permit User Sessions...
         Starting LSB: Set the CPU Frequency Scaling governor to "ondemand"...
[[0;32m  OK  [0m] Started Permit User Sessions.
         Starting Hold until boot process finishes up...
         Starting Terminate Plymouth Boot Screen...
[[0;32m  OK  [0m] Started Virtualbox guest utils.
[[0;32m  OK  [0m] Started LXD - container startup/shutdown.
[[0;32m  OK  [0m] Started LSB: automatic crash report generation.
[[0;32m  OK  [0m] Started Hold until boot process finishes up.
[[0;32m  OK  [0m] Started Authenticate and Authorize Users to Run Privileged Tasks.
[[0;32m  OK  [0m] Started Terminate Plymouth Boot Screen.
[[0;32m  OK  [0m] Started Accounts Service.
         Starting Set console scheme...
[[0;32m  OK  [0m] Started Serial Getty on ttyS0.
[[0;32m  OK  [0m] Started Getty on tty1.
[[0;32m  OK  [0m] Reached target Login Prompts.
[[0;32m  OK  [0m] Started LSB: daemon to balance interrupts for SMP systems.
[[0;32m  OK  [0m] Started LSB: Set the CPU Frequency Scaling governor to "ondemand".
[[0;32m  OK  [0m] Started Set console scheme.
[[0;32m  OK  [0m] Started Snappy daemon.
         Starting Wait until snapd is fully seeded...
[[0;32m  OK  [0m] Started Pollinate to seed the pseudo random number generator.
         Starting OpenBSD Secure Shell server...
[[0;32m  OK  [0m] Started OpenBSD Secure Shell server.
[[0;32m  OK  [0m] Created slice User Slice of vagrant.
         Starting User Manager for UID 1000...
[[0;32m  OK  [0m] Started Session 1 of user vagrant.
[[0;32m  OK  [0m] Started User Manager for UID 1000.
[[0;32m  OK  [0m] Started Wait until snapd is fully seeded.
[[0;32m  OK  [0m] Reached target Multi-User System.
[[0;32m  OK  [0m] Reached target Graphical Interface.
         Starting Update UTMP about System Runlevel Changes...
         Starting Apply the settings specified in cloud-config...
[[0;32m  OK  [0m] Started Update UTMP about System Runlevel Changes.
[   15.082816] cloud-init[1346]: Generating locales (this might take a while)...
[   16.371400] cloud-init[1346]:   en_US.UTF-8... done
[   16.373272] cloud-init[1346]: Generation complete.
[   16.796134] cloud-init[1346]: Cloud-init v. 18.4-0ubuntu1~16.04.2 running 'modules:config' at Wed, 27 Feb 2019 12:13:33 +0000. Up 14.91 seconds.

Ubuntu 16.04.5 LTS ubuntu-xenial ttyS0

ubuntu-xenial login: ci-info: no authorized ssh keys fingerprints found for user ubuntu.
<14>Feb 27 12:13:36 ec2: 
<14>Feb 27 12:13:36 ec2: #############################################################
<14>Feb 27 12:13:36 ec2: -----BEGIN SSH HOST KEY FINGERPRINTS-----
<14>Feb 27 12:13:36 ec2: 1024 SHA256:fl29KryjZlhSl0vqyBw4W0/M6d9LXh/w77n+J8YpOvM root@ubuntu-xenial (DSA)
<14>Feb 27 12:13:36 ec2: 256 SHA256:ik9CAwkFT8iHPkXlKgwh6VKGP0d3W9j/h/M5u/Y3uAM root@ubuntu-xenial (ECDSA)
<14>Feb 27 12:13:36 ec2: 256 SHA256:8hp6UskrB9vaETgPKvp53nY1za3uTtDuCwLwFH5WNwU root@ubuntu-xenial (ED25519)
<14>Feb 27 12:13:36 ec2: 2048 SHA256:tTZQkthkD4YP9JtMiMrFZolvzRFAKrjFHu2iO6BqI+0 root@ubuntu-xenial (RSA)
<14>Feb 27 12:13:36 ec2: -----END SSH HOST KEY FINGERPRINTS-----
<14>Feb 27 12:13:36 ec2: #############################################################
-----BEGIN SSH HOST KEY KEYS-----
ecdsa-sha2-nistp256 AAAAE2VjZHNhLXNoYTItbmlzdHAyNTYAAAAIbmlzdHAyNTYAAABBBDVMA8mc3E/HnoJMqcdmMOWu3NmGeYYzV9vOHttqF9LRthxJ5XQMBnRBKGx8nuf50qvN1KHCP1znlozexWxJDa0= root@ubuntu-xenial
ssh-ed25519 AAAAC3NzaC1lZDI1NTE5AAAAINK4gLWdssuqHTlCCH5JcGDH6JUv63z9jJYc8zpdCh7I root@ubuntu-xenial
ssh-rsa AAAAB3NzaC1yc2EAAAADAQABAAABAQDyLsVv9jL2maE7Ho2PC3tSbjYxyOaKLU6yj4/kA5E5f0AeSKaPk48rTiB89iftGzGshB0/B9jKPC0m0DkqpBR/oluWQtRBLYLEyhAKmtYNZ0qhc05iouNfPvRhgvVjl6kwJ/6eC6z+UH0ARmYbka9UMuc9hRSJmcKwCAnvnYMxR3b50sBs6lHImy+ndhY6SfZPpSthkcPcTs0xxjtI3seQjdWphVwys9lj43tPVfYUlI7dTMBNPplUKPSH8zFgWKYxBBG/yxuduzCptX1mT6TGY8lD81vYmmJyruvgyo6Pf95/M7XiLdm+bxWUsE4XX9HNApLIcrvwFEXM3nZrbUf5 root@ubuntu-xenial
-----END SSH HOST KEY KEYS-----
[   17.648628] cloud-init[1507]: Cloud-init v. 18.4-0ubuntu1~16.04.2 running 'modules:final' at Wed, 27 Feb 2019 12:13:36 +0000. Up 17.40 seconds.
[   17.648957] cloud-init[1507]: ci-info: no authorized ssh keys fingerprints found for user ubuntu.
[   17.650389] cloud-init[1507]: Cloud-init v. 18.4-0ubuntu1~16.04.2 finished at Wed, 27 Feb 2019 12:13:36 +0000. Datasource DataSourceNoCloud [seed=/dev/sdb][dsmode=net].  Up 17.63 seconds
